Archive member included to satisfy reference by file (symbol)

c:/st/stm32cubeide_1.9.0/stm32cubeide/plugins/com.st.stm32cube.ide.mcu.externaltools.gnu-tools-for-stm32.10.3-2021.10.win32_1.0.0.202111181127/tools/bin/../lib/gcc/arm-none-eabi/10.3.1/../../../../arm-none-eabi/lib/thumb/v7-m/nofp\libc_nano.a(lib_a-errno.o)
                              ./Core/Src/syscalls.o (__errno)
c:/st/stm32cubeide_1.9.0/stm32cubeide/plugins/com.st.stm32cube.ide.mcu.externaltools.gnu-tools-for-stm32.10.3-2021.10.win32_1.0.0.202111181127/tools/bin/../lib/gcc/arm-none-eabi/10.3.1/../../../../arm-none-eabi/lib/thumb/v7-m/nofp\libc_nano.a(lib_a-exit.o)
                              c:/st/stm32cubeide_1.9.0/stm32cubeide/plugins/com.st.stm32cube.ide.mcu.externaltools.gnu-tools-for-stm32.10.3-2021.10.win32_1.0.0.202111181127/tools/bin/../lib/gcc/arm-none-eabi/10.3.1/../../../../arm-none-eabi/lib/thumb/v7-m/nofp/crt0.o (exit)
c:/st/stm32cubeide_1.9.0/stm32cubeide/plugins/com.st.stm32cube.ide.mcu.externaltools.gnu-tools-for-stm32.10.3-2021.10.win32_1.0.0.202111181127/tools/bin/../lib/gcc/arm-none-eabi/10.3.1/../../../../arm-none-eabi/lib/thumb/v7-m/nofp\libc_nano.a(lib_a-impure.o)
                              c:/st/stm32cubeide_1.9.0/stm32cubeide/plugins/com.st.stm32cube.ide.mcu.externaltools.gnu-tools-for-stm32.10.3-2021.10.win32_1.0.0.202111181127/tools/bin/../lib/gcc/arm-none-eabi/10.3.1/../../../../arm-none-eabi/lib/thumb/v7-m/nofp\libc_nano.a(lib_a-exit.o) (_global_impure_ptr)
c:/st/stm32cubeide_1.9.0/stm32cubeide/plugins/com.st.stm32cube.ide.mcu.externaltools.gnu-tools-for-stm32.10.3-2021.10.win32_1.0.0.202111181127/tools/bin/../lib/gcc/arm-none-eabi/10.3.1/../../../../arm-none-eabi/lib/thumb/v7-m/nofp\libc_nano.a(lib_a-init.o)
                              c:/st/stm32cubeide_1.9.0/stm32cubeide/plugins/com.st.stm32cube.ide.mcu.externaltools.gnu-tools-for-stm32.10.3-2021.10.win32_1.0.0.202111181127/tools/bin/../lib/gcc/arm-none-eabi/10.3.1/../../../../arm-none-eabi/lib/thumb/v7-m/nofp/crt0.o (__libc_init_array)
c:/st/stm32cubeide_1.9.0/stm32cubeide/plugins/com.st.stm32cube.ide.mcu.externaltools.gnu-tools-for-stm32.10.3-2021.10.win32_1.0.0.202111181127/tools/bin/../lib/gcc/arm-none-eabi/10.3.1/../../../../arm-none-eabi/lib/thumb/v7-m/nofp\libc_nano.a(lib_a-memset.o)
                              c:/st/stm32cubeide_1.9.0/stm32cubeide/plugins/com.st.stm32cube.ide.mcu.externaltools.gnu-tools-for-stm32.10.3-2021.10.win32_1.0.0.202111181127/tools/bin/../lib/gcc/arm-none-eabi/10.3.1/../../../../arm-none-eabi/lib/thumb/v7-m/nofp/crt0.o (memset)
c:/st/stm32cubeide_1.9.0/stm32cubeide/plugins/com.st.stm32cube.ide.mcu.externaltools.gnu-tools-for-stm32.10.3-2021.10.win32_1.0.0.202111181127/tools/bin/../lib/gcc/arm-none-eabi/10.3.1/../../../../arm-none-eabi/lib/thumb/v7-m/nofp\libc_nano.a(lib_a-sprintf.o)
                              ./Core/Src/main.o (sprintf)
c:/st/stm32cubeide_1.9.0/stm32cubeide/plugins/com.st.stm32cube.ide.mcu.externaltools.gnu-tools-for-stm32.10.3-2021.10.win32_1.0.0.202111181127/tools/bin/../lib/gcc/arm-none-eabi/10.3.1/../../../../arm-none-eabi/lib/thumb/v7-m/nofp\libc_nano.a(lib_a-nano-svfprintf.o)
                              c:/st/stm32cubeide_1.9.0/stm32cubeide/plugins/com.st.stm32cube.ide.mcu.externaltools.gnu-tools-for-stm32.10.3-2021.10.win32_1.0.0.202111181127/tools/bin/../lib/gcc/arm-none-eabi/10.3.1/../../../../arm-none-eabi/lib/thumb/v7-m/nofp\libc_nano.a(lib_a-sprintf.o) (_svfprintf_r)
c:/st/stm32cubeide_1.9.0/stm32cubeide/plugins/com.st.stm32cube.ide.mcu.externaltools.gnu-tools-for-stm32.10.3-2021.10.win32_1.0.0.202111181127/tools/bin/../lib/gcc/arm-none-eabi/10.3.1/../../../../arm-none-eabi/lib/thumb/v7-m/nofp\libc_nano.a(lib_a-nano-vfprintf_i.o)
                              c:/st/stm32cubeide_1.9.0/stm32cubeide/plugins/com.st.stm32cube.ide.mcu.externaltools.gnu-tools-for-stm32.10.3-2021.10.win32_1.0.0.202111181127/tools/bin/../lib/gcc/arm-none-eabi/10.3.1/../../../../arm-none-eabi/lib/thumb/v7-m/nofp\libc_nano.a(lib_a-nano-svfprintf.o) (_printf_i)
c:/st/stm32cubeide_1.9.0/stm32cubeide/plugins/com.st.stm32cube.ide.mcu.externaltools.gnu-tools-for-stm32.10.3-2021.10.win32_1.0.0.202111181127/tools/bin/../lib/gcc/arm-none-eabi/10.3.1/../../../../arm-none-eabi/lib/thumb/v7-m/nofp\libc_nano.a(lib_a-memchr-stub.o)
                              c:/st/stm32cubeide_1.9.0/stm32cubeide/plugins/com.st.stm32cube.ide.mcu.externaltools.gnu-tools-for-stm32.10.3-2021.10.win32_1.0.0.202111181127/tools/bin/../lib/gcc/arm-none-eabi/10.3.1/../../../../arm-none-eabi/lib/thumb/v7-m/nofp\libc_nano.a(lib_a-nano-svfprintf.o) (memchr)
c:/st/stm32cubeide_1.9.0/stm32cubeide/plugins/com.st.stm32cube.ide.mcu.externaltools.gnu-tools-for-stm32.10.3-2021.10.win32_1.0.0.202111181127/tools/bin/../lib/gcc/arm-none-eabi/10.3.1/../../../../arm-none-eabi/lib/thumb/v7-m/nofp\libc_nano.a(lib_a-memcpy-stub.o)
[...]
Memory Configuration

Name             Origin             Length             Attributes
RAM              0x0000000020000000 0x0000000000010000 xrw
FLASH            0x0000000008000000 0x0000000000080000 xr
*default*        0x0000000000000000 0xffffffffffffffff

Linker script and memory map

LOAD c:/st/stm32cubeide_1.9.0/stm32cubeide/plugins/com.st.stm32cube.ide.mcu.externaltools.gnu-tools-for-stm32.10.3-2021.10.win32_1.0.0.202111181127/tools/bin/../lib/gcc/arm-none-eabi/10.3.1/thumb/v7-m/nofp/crti.o
LOAD c:/st/stm32cubeide_1.9.0/stm32cubeide/plugins/com.st.stm32cube.ide.mcu.externaltools.gnu-tools-for-stm32.10.3-2021.10.win32_1.0.0.202111181127/tools/bin/../lib/gcc/arm-none-eabi/10.3.1/thumb/v7-m/nofp/crtbegin.o
LOAD c:/st/stm32cubeide_1.9.0/stm32cubeide/plugins/com.st.stm32cube.ide.mcu.externaltools.gnu-tools-for-stm32.10.3-2021.10.win32_1.0.0.202111181127/tools/bin/../lib/gcc/arm-none-eabi/10.3.1/../../../../arm-none-eabi/lib/thumb/v7-m/nofp/crt0.o
LOAD ./Core/Src/dac.o
LOAD ./Core/Src/fsmc.o
LOAD ./Core/Src/gpio.o
LOAD ./Core/Src/lcd.o
LOAD ./Core/Src/main.o
LOAD ./Core/Src/sdio.o
LOAD ./Core/Src/stm32f1xx_hal_msp.o
LOAD ./Core/Src/stm32f1xx_it.o
LOAD ./Core/Src/syscalls.o
LOAD ./Core/Src/sysmem.o
LOAD ./Core/Src/system_stm32f1xx.o
LOAD ./Core/Src/tim.o
LOAD ./Core/Startup/startup_stm32f103vetx.o
LOAD ./Drivers/STM32F1xx_HAL_Driver/Src/stm32f1xx_hal.o
LOAD ./Drivers/STM32F1xx_HAL_Driver/Src/stm32f1xx_hal_cortex.o
LOAD ./Drivers/STM32F1xx_HAL_Driver/Src/stm32f1xx_hal_dac.o
LOAD ./Drivers/STM32F1xx_HAL_Driver/Src/stm32f1xx_hal_dac_ex.o
LOAD ./Drivers/STM32F1xx_HAL_Driver/Src/stm32f1xx_hal_dma.o
LOAD ./Drivers/STM32F1xx_HAL_Driver/Src/stm32f1xx_hal_exti.o
LOAD ./Drivers/STM32F1xx_HAL_Driver/Src/stm32f1xx_hal_flash.o
LOAD ./Drivers/STM32F1xx_HAL_Driver/Src/stm32f1xx_hal_flash_ex.o
LOAD ./Drivers/STM32F1xx_HAL_Driver/Src/stm32f1xx_hal_gpio.o
LOAD ./Drivers/STM32F1xx_HAL_Driver/Src/stm32f1xx_hal_gpio_ex.o
LOAD ./Drivers/STM32F1xx_HAL_Driver/Src/stm32f1xx_hal_pwr.o
LOAD ./Drivers/STM32F1xx_HAL_Driver/Src/stm32f1xx_hal_rcc.o
LOAD ./Drivers/STM32F1xx_HAL_Driver/Src/stm32f1xx_hal_rcc_ex.o
LOAD ./Drivers/STM32F1xx_HAL_Driver/Src/stm32f1xx_hal_sd.o
LOAD ./Drivers/STM32F1xx_HAL_Driver/Src/stm32f1xx_hal_sram.o
LOAD ./Drivers/STM32F1xx_HAL_Driver/Src/stm32f1xx_hal_tim.o
LOAD ./Drivers/STM32F1xx_HAL_Driver/Src/stm32f1xx_hal_tim_ex.o
LOAD ./Drivers/STM32F1xx_HAL_Driver/Src/stm32f1xx_ll_fsmc.o
LOAD ./Drivers/STM32F1xx_HAL_Driver/Src/stm32f1xx_ll_sdmmc.o
LOAD ./FATFS/App/fatfs.o
LOAD ./FATFS/Target/bsp_driver_sd.o
LOAD ./Middlewares/Third_Party/FatFs/src/diskio.o
LOAD ./Middlewares/Third_Party/FatFs/src/ff.o
LOAD ./Middlewares/Third_Party/FatFs/src/ff_gen_drv.o
LOAD ./Middlewares/Third_Party/FatFs/src/drivers/sd_diskio.o
LOAD ./Middlewares/Third_Party/FatFs/src/option/syscall.o
START GROUP
LOAD c:/st/stm32cubeide_1.9.0/stm32cubeide/plugins/com.st.stm32cube.ide.mcu.externaltools.gnu-tools-for-stm32.10.3-2021.10.win32_1.0.0.202111181127/tools/bin/../lib/gcc/arm-none-eabi/10.3.1/../../../../arm-none-eabi/lib/thumb/v7-m/nofp\libc_nano.a
LOAD c:/st/stm32cubeide_1.9.0/stm32cubeide/plugins/com.st.stm32cube.ide.mcu.externaltools.gnu-tools-for-stm32.10.3-2021.10.win32_1.0.0.202111181127/tools/bin/../lib/gcc/arm-none-eabi/10.3.1/../../../../arm-none-eabi/lib/thumb/v7-m/nofp\libm.a
END GROUP
START GROUP
LOAD c:/st/stm32cubeide_1.9.0/stm32cubeide/plugins/com.st.stm32cube.ide.mcu.externaltools.gnu-tools-for-stm32.10.3-2021.10.win32_1.0.0.202111181127/tools/bin/../lib/gcc/arm-none-eabi/10.3.1/thumb/v7-m/nofp\libgcc.a
LOAD c:/st/stm32cubeide_1.9.0/stm32cubeide/plugins/com.st.stm32cube.ide.mcu.externaltools.gnu-tools-for-stm32.10.3-2021.10.win32_1.0.0.202111181127/tools/bin/../lib/gcc/arm-none-eabi/10.3.1/../../../../arm-none-eabi/lib/thumb/v7-m/nofp\libc_nano.a
END GROUP
START GROUP
LOAD c:/st/stm32cubeide_1.9.0/stm32cubeide/plugins/com.st.stm32cube.ide.mcu.externaltools.gnu-tools-for-stm32.10.3-2021.10.win32_1.0.0.202111181127/tools/bin/../lib/gcc/arm-none-eabi/10.3.1/thumb/v7-m/nofp\libgcc.a
LOAD c:/st/stm32cubeide_1.9.0/stm32cubeide/plugins/com.st.stm32cube.ide.mcu.externaltools.gnu-tools-for-stm32.10.3-2021.10.win32_1.0.0.202111181127/tools/bin/../lib/gcc/arm-none-eabi/10.3.1/../../../../arm-none-eabi/lib/thumb/v7-m/nofp\libc_nano.a
LOAD c:/st/stm32cubeide_1.9.0/stm32cubeide/plugins/com.st.stm32cube.ide.mcu.externaltools.gnu-tools-for-stm32.10.3-2021.10.win32_1.0.0.202111181127/tools/bin/../lib/gcc/arm-none-eabi/10.3.1/../../../../arm-none-eabi/lib/thumb/v7-m/nofp\libnosys.a
END GROUP
START GROUP
LOAD c:/st/stm32cubeide_1.9.0/stm32cubeide/plugins/com.st.stm32cube.ide.mcu.externaltools.gnu-tools-for-stm32.10.3-2021.10.win32_1.0.0.202111181127/tools/bin/../lib/gcc/arm-none-eabi/10.3.1/thumb/v7-m/nofp\libgcc.a
LOAD c:/st/stm32cubeide_1.9.0/stm32cubeide/plugins/com.st.stm32cube.ide.mcu.externaltools.gnu-tools-for-stm32.10.3-2021.10.win32_1.0.0.202111181127/tools/bin/../lib/gcc/arm-none-eabi/10.3.1/../../../../arm-none-eabi/lib/thumb/v7-m/nofp\libc_nano.a
LOAD c:/st/stm32cubeide_1.9.0/stm32cubeide/plugins/com.st.stm32cube.ide.mcu.externaltools.gnu-tools-for-stm32.10.3-2021.10.win32_1.0.0.202111181127/tools/bin/../lib/gcc/arm-none-eabi/10.3.1/../../../../arm-none-eabi/lib/thumb/v7-m/nofp\libnosys.a
END GROUP
LOAD c:/st/stm32cubeide_1.9.0/stm32cubeide/plugins/com.st.stm32cube.ide.mcu.externaltools.gnu-tools-for-stm32.10.3-2021.10.win32_1.0.0.202111181127/tools/bin/../lib/gcc/arm-none-eabi/10.3.1/thumb/v7-m/nofp/crtend.o
LOAD c:/st/stm32cubeide_1.9.0/stm32cubeide/plugins/com.st.stm32cube.ide.mcu.externaltools.gnu-tools-for-stm32.10.3-2021.10.win32_1.0.0.202111181127/tools/bin/../lib/gcc/arm-none-eabi/10.3.1/thumb/v7-m/nofp/crtn.o
                0x0000000020010000                _estack = (ORIGIN (RAM) + LENGTH (RAM))
                0x0000000000000200                _Min_Heap_Size = 0x200
                0x0000000000000400                _Min_Stack_Size = 0x400

.isr_vector     0x0000000008000000      0x1e4
                0x0000000008000000                . = ALIGN (0x4)
 *(.isr_vector)
 .isr_vector    0x0000000008000000      0x1e4 ./Core/Startup/startup_stm32f103vetx.o
                0x0000000008000000                g_pfnVectors
                0x00000000080001e4                . = ALIGN (0x4)

.text           0x00000000080001e4     0x77ec
                0x00000000080001e4                . = ALIGN (0x4)
 *(.text)
 .text          0x00000000080001e4       0x40 c:/st/stm32cubeide_1.9.0/stm32cubeide/plugins/com.st.stm32cube.ide.mcu.externaltools.gnu-tools-for-stm32.10.3-2021.10.win32_1.0.0.202111181127/tools/bin/../lib/gcc/arm-none-eabi/10.3.1/thumb/v7-m/nofp/crtbegin.o
 *(.text*)
 .text.MX_DAC_Init
                0x0000000008000224       0x54 ./Core/Src/dac.o
                0x0000000008000224                MX_DAC_Init
 .text.HAL_DAC_MspInit
                0x0000000008000278       0x78 ./Core/Src/dac.o
                0x0000000008000278                HAL_DAC_MspInit
 .text.MX_FSMC_Init
                0x00000000080002f0       0xc8 ./Core/Src/fsmc.o
                0x00000000080002f0                MX_FSMC_Init
 .text.HAL_FSMC_MspInit
                0x00000000080003b8       0x88 ./Core/Src/fsmc.o
 .text.HAL_SRAM_MspInit
                0x0000000008000440       0x14 ./Core/Src/fsmc.o
                0x0000000008000440                HAL_SRAM_MspInit
 .text.MX_GPIO_Init
                0x0000000008000454       0xd8 ./Core/Src/gpio.o
                0x0000000008000454                MX_GPIO_Init
 .text.Delay    0x000000000800052c       0x22 ./Core/Src/lcd.o
                0x000000000800052c                Delay
 .text.LCD_INIT
                0x000000000800054e       0x2e ./Core/Src/lcd.o
                0x000000000800054e                LCD_INIT
 .text.LCD_Rst  0x000000000800057c       0x30 ./Core/Src/lcd.o
                0x000000000800057c                LCD_Rst
 .text.LCD_BackLed_Control
                0x00000000080005ac       0x38 ./Core/Src/lcd.o
                0x00000000080005ac                LCD_BackLed_Control
 .text.LCD_Write_Cmd
                0x00000000080005e4       0x1c ./Core/Src/lcd.o
                0x00000000080005e4                LCD_Write_Cmd
 .text.LCD_Write_Data
                0x0000000008000600       0x20 ./Core/Src/lcd.o
                0x0000000008000600                LCD_Write_Data
 .text.LCD_REG_Config
                0x0000000008000620      0x234 ./Core/Src/lcd.o
                0x0000000008000620                LCD_REG_Config
 .text.LCD_OpenWindow
                0x0000000008000854       0xb2 ./Core/Src/lcd.o
                0x0000000008000854                LCD_OpenWindow
 .text.LCD_FillColor
                0x0000000008000906       0x3c ./Core/Src/lcd.o
                0x0000000008000906                LCD_FillColor
 .text.LCD_Clear
                0x0000000008000942       0x46 ./Core/Src/lcd.o
                0x0000000008000942                LCD_Clear
 .text.LCD_DrawChar
                0x0000000008000988       0x8c ./Core/Src/lcd.o
                0x0000000008000988                LCD_DrawChar
 .text.LCD_DrawString
                0x0000000008000a14       0x5e ./Core/Src/lcd.o
                0x0000000008000a14                LCD_DrawString
 *fill*         0x0000000008000a72        0x2 
 .text.FindFirstWavFile
                0x0000000008000a74       0x80 ./Core/Src/main.o
                0x0000000008000a74                FindFirstWavFile
 .text.ParseWavHeader
                0x0000000008000af4       0x94 ./Core/Src/main.o
                0x0000000008000af4                ParseWavHeader
 .text.DAC_Output_16bit
                0x0000000008000b88       0x3c ./Core/Src/main.o
                0x0000000008000b88                DAC_Output_16bit
 .text.PlayWavFile
                0x0000000008000bc4       0x7c ./Core/Src/main.o
                0x0000000008000bc4                PlayWavFile
 .text.SD_WAV_Player_Main
                0x0000000008000c40      0x118 ./Core/Src/main.o
                0x0000000008000c40                SD_WAV_Player_Main
 .text.main     0x0000000008000d58       0x2e ./Core/Src/main.o
                0x0000000008000d58                main
 .text.SystemClock_Config
                0x0000000008000d86       0x8a ./Core/Src/main.o
                0x0000000008000d86                SystemClock_Config
 .text.Error_Handler
                0x0000000008000e10        0xa ./Core/Src/main.o
                0x0000000008000e10                Error_Handler
 *fill*         0x0000000008000e1a        0x2 
 .text.MX_SDIO_SD_Init
                0x0000000008000e1c       0x44 ./Core/Src/sdio.o
                0x0000000008000e1c                MX_SDIO_SD_Init
 .text.HAL_SD_MspInit
                0x0000000008000e60       0xb4 ./Core/Src/sdio.o
                0x0000000008000e60                HAL_SD_MspInit
 .text.HAL_MspInit
                0x0000000008000f14       0x64 ./Core/Src/stm32f1xx_hal_msp.o
                0x0000000008000f14                HAL_MspInit
 .text.NMI_Handler
                0x0000000008000f78        0x6 ./Core/Src/stm32f1xx_it.o
                0x0000000008000f78                NMI_Handler
 .text.HardFault_Handler
                0x0000000008000f7e        0x6 ./Core/Src/stm32f1xx_it.o
                0x0000000008000f7e                HardFault_Handler
 .text.MemManage_Handler
                0x0000000008000f84        0x6 ./Core/Src/stm32f1xx_it.o
                0x0000000008000f84                MemManage_Handler
 .text.BusFault_Handler
                0x0000000008000f8a        0x6 ./Core/Src/stm32f1xx_it.o
                0x0000000008000f8a                BusFault_Handler
 .text.UsageFault_Handler
                0x0000000008000f90        0x6 ./Core/Src/stm32f1xx_it.o
                0x0000000008000f90                UsageFault_Handler
 .text.SVC_Handler
                0x0000000008000f96        0xc ./Core/Src/stm32f1xx_it.o
                0x0000000008000f96                SVC_Handler
 .text.DebugMon_Handler
                0x0000000008000fa2        0xc ./Core/Src/stm32f1xx_it.o
                0x0000000008000fa2                DebugMon_Handler
 .text.PendSV_Handler
                0x0000000008000fae        0xc ./Core/Src/stm32f1xx_it.o
                0x0000000008000fae                PendSV_Handler
 .text.SysTick_Handler
                0x0000000008000fba        0xc ./Core/Src/stm32f1xx_it.o
                0x0000000008000fba                SysTick_Handler
 *fill*         0x0000000008000fc6        0x2 
 .text._sbrk    0x0000000008000fc8       0x6c ./Core/Src/sysmem.o
                0x0000000008000fc8                _sbrk
 .text.SystemInit
                0x0000000008001034        0xc ./Core/Src/system_stm32f1xx.o
                0x0000000008001034                SystemInit
 .text.MX_TIM6_Init
                0x0000000008001040       0x6c ./Core/Src/tim.o
                0x0000000008001040                MX_TIM6_Init
 .text.HAL_TIM_Base_MspInit
                0x00000000080010ac       0x3c ./Core/Src/tim.o
                0x00000000080010ac                HAL_TIM_Base_MspInit
 .text.Reset_Handler
                0x00000000080010e8       0x48 ./Core/Startup/startup_stm32f103vetx.o
                0x00000000080010e8                Reset_Handler
 .text.Default_Handler
                0x0000000008001130        0x2 ./Core/Startup/startup_stm32f103vetx.o
                0x0000000008001130                RTC_Alarm_IRQHandler
                0x0000000008001130                EXTI2_IRQHandler
                0x0000000008001130                TIM8_TRG_COM_IRQHandler
                0x0000000008001130                TIM8_CC_IRQHandler
                0x0000000008001130                TIM1_CC_IRQHandler
                0x0000000008001130                TIM6_IRQHandler
                0x0000000008001130                PVD_IRQHandler
                0x0000000008001130                SDIO_IRQHandler
                0x0000000008001130                EXTI3_IRQHandler
                0x0000000008001130                EXTI0_IRQHandler
                0x0000000008001130                I2C2_EV_IRQHandler
                0x0000000008001130                ADC1_2_IRQHandler
                0x0000000008001130                SPI1_IRQHandler
                0x0000000008001130                TAMPER_IRQHandler
                0x0000000008001130                TIM8_UP_IRQHandler
                0x0000000008001130                DMA2_Channel2_IRQHandler
                0x0000000008001130                DMA1_Channel4_IRQHandler
                0x0000000008001130                USART3_IRQHandler
                0x0000000008001130                RTC_IRQHandler
                0x0000000008001130                DMA1_Channel7_IRQHandler
                0x0000000008001130                CAN1_RX1_IRQHandler
                0x0000000008001130                UART5_IRQHandler
                0x0000000008001130                ADC3_IRQHandler
                0x0000000008001130                TIM4_IRQHandler
                0x0000000008001130                DMA2_Channel1_IRQHandler
                0x0000000008001130                I2C1_EV_IRQHandler
                0x0000000008001130                DMA1_Channel6_IRQHandler
                0x0000000008001130                UART4_IRQHandler
                0x0000000008001130                TIM3_IRQHandler
                0x0000000008001130                RCC_IRQHandler
                0x0000000008001130                TIM1_TRG_COM_IRQHandler
                0x0000000008001130                DMA1_Channel1_IRQHandler
                0x0000000008001130                Default_Handler
                0x0000000008001130                EXTI15_10_IRQHandler
                0x0000000008001130                TIM7_IRQHandler
                0x0000000008001130                TIM5_IRQHandler
                0x0000000008001130                EXTI9_5_IRQHandler
                0x0000000008001130                SPI2_IRQHandler
                0x0000000008001130                DMA1_Channel5_IRQHandler
                0x0000000008001130                EXTI4_IRQHandler
                0x0000000008001130                USB_LP_CAN1_RX0_IRQHandler
                0x0000000008001130                USB_HP_CAN1_TX_IRQHandler
                0x0000000008001130                DMA1_Channel3_IRQHandler
                0x0000000008001130                FSMC_IRQHandler
                0x0000000008001130                TIM1_UP_IRQHandler
                0x0000000008001130                WWDG_IRQHandler
                0x0000000008001130                TIM2_IRQHandler
                0x0000000008001130                TIM1_BRK_IRQHandler
                0x0000000008001130                EXTI1_IRQHandler
                0x0000000008001130                DMA2_Channel4_5_IRQHandler
                0x0000000008001130                USART2_IRQHandler
                0x0000000008001130                I2C2_ER_IRQHandler
                0x0000000008001130                DMA1_Channel2_IRQHandler
                0x0000000008001130                TIM8_BRK_IRQHandler
                0x0000000008001130                CAN1_SCE_IRQHandler
                0x0000000008001130                FLASH_IRQHandler
                0x0000000008001130                USART1_IRQHandler
                0x0000000008001130                SPI3_IRQHandler
                0x0000000008001130                I2C1_ER_IRQHandler
                0x0000000008001130                USBWakeUp_IRQHandler
                0x0000000008001130                DMA2_Channel3_IRQHandler
 *fill*         0x0000000008001132        0x2 
 .text.HAL_Init
                0x0000000008001134       0x2c ./Drivers/STM32F1xx_HAL_Driver/Src/stm32f1xx_hal.o
                0x0000000008001134                HAL_Init
 .text.HAL_InitTick
                0x0000000008001160       0x60 ./Drivers/STM32F1xx_HAL_Driver/Src/stm32f1xx_hal.o
                0x0000000008001160                HAL_InitTick
 .text.HAL_IncTick
                0x00000000080011c0       0x24 ./Drivers/STM32F1xx_HAL_Driver/Src/stm32f1xx_hal.o
                0x00000000080011c0                HAL_IncTick
 .text.HAL_GetTick
                0x00000000080011e4       0x14 ./Drivers/STM32F1xx_HAL_Driver/Src/stm32f1xx_hal.o
                0x00000000080011e4                HAL_GetTick
 .text.HAL_Delay
                0x00000000080011f8       0x48 ./Drivers/STM32F1xx_HAL_Driver/Src/stm32f1xx_hal.o
                0x00000000080011f8                HAL_Delay
 .text.__NVIC_SetPriorityGrouping
                0x0000000008001240       0x48 ./Drivers/STM32F1xx_HAL_Driver/Src/stm32f1xx_hal_cortex.o
 .text.__NVIC_GetPriorityGrouping
                0x0000000008001288       0x1c ./Drivers/STM32F1xx_HAL_Driver/Src/stm32f1xx_hal_cortex.o
 .text.__NVIC_SetPriority
                0x00000000080012a4       0x54 ./Drivers/STM32F1xx_HAL_Driver/Src/stm32f1xx_hal_cortex.o
 .text.NVIC_EncodePriority
                0x00000000080012f8       0x64 ./Drivers/STM32F1xx_HAL_Driver/Src/stm32f1xx_hal_cortex.o
 .text.SysTick_Config
                0x000000000800135c       0x44 ./Drivers/STM32F1xx_HAL_Driver/Src/stm32f1xx_hal_cortex.o
 .text.HAL_NVIC_SetPriorityGrouping
                0x00000000080013a0       0x16 ./Drivers/STM32F1xx_HAL_Driver/Src/stm32f1xx_hal_cortex.o
                0x00000000080013a0                HAL_NVIC_SetPriorityGrouping
 .text.HAL_NVIC_SetPriority
                0x00000000080013b6       0x38 ./Drivers/STM32F1xx_HAL_Driver/Src/stm32f1xx_hal_cortex.o
                0x00000000080013b6                HAL_NVIC_SetPriority
 .text.HAL_SYSTICK_Config
                0x00000000080013ee       0x18 ./Drivers/STM32F1xx_HAL_Driver/Src/stm32f1xx_hal_cortex.o
                0x00000000080013ee                HAL_SYSTICK_Config
 .text.HAL_DAC_Init
                0x0000000008001406       0x44 ./Drivers/STM32F1xx_HAL_Driver/Src/stm32f1xx_hal_dac.o
                0x0000000008001406                HAL_DAC_Init
 .text.HAL_DAC_Start
                0x000000000800144a       0xac ./Drivers/STM32F1xx_HAL_Driver/Src/stm32f1xx_hal_dac.o
                0x000000000800144a                HAL_DAC_Start
 .text.HAL_DAC_Stop
                0x00000000080014f6       0x42 ./Drivers/STM32F1xx_HAL_Driver/Src/stm32f1xx_hal_dac.o
                0x00000000080014f6                HAL_DAC_Stop
 .text.HAL_DAC_SetValue
                0x0000000008001538       0x52 ./Drivers/STM32F1xx_HAL_Driver/Src/stm32f1xx_hal_dac.o
                0x0000000008001538                HAL_DAC_SetValue
 .text.HAL_DAC_ConfigChannel
                0x000000000800158a       0xb0 ./Drivers/STM32F1xx_HAL_Driver/Src/stm32f1xx_hal_dac.o
                0x000000000800158a                HAL_DAC_ConfigChannel
 *fill*         0x000000000800163a        0x2 
 .text.HAL_GPIO_Init
                0x000000000800163c      0x328 ./Drivers/STM32F1xx_HAL_Driver/Src/stm32f1xx_hal_gpio.o
                0x000000000800163c                HAL_GPIO_Init
 .text.HAL_GPIO_WritePin
                0x0000000008001964       0x30 ./Drivers/STM32F1xx_HAL_Driver/Src/stm32f1xx_hal_gpio.o
                0x0000000008001964                HAL_GPIO_WritePin
 .text.HAL_RCC_OscConfig
                0x0000000008001994      0x504 ./Drivers/STM32F1xx_HAL_Driver/Src/stm32f1xx_hal_rcc.o
                0x0000000008001994                HAL_RCC_OscConfig
 .text.HAL_RCC_ClockConfig
                0x0000000008001e98      0x1d4 ./Drivers/STM32F1xx_HAL_Driver/Src/stm32f1xx_hal_rcc.o
                0x0000000008001e98                HAL_RCC_ClockConfig
 .text.HAL_RCC_GetSysClockFreq
                0x000000000800206c       0xa8 ./Drivers/STM32F1xx_HAL_Driver/Src/stm32f1xx_hal_rcc.o
                0x000000000800206c                HAL_RCC_GetSysClockFreq
 .text.RCC_Delay
                0x0000000008002114       0x3c ./Drivers/STM32F1xx_HAL_Driver/Src/stm32f1xx_hal_rcc.o
 .text.HAL_SD_Init
                0x0000000008002150       0x60 ./Drivers/STM32F1xx_HAL_Driver/Src/stm32f1xx_hal_sd.o
                0x0000000008002150                HAL_SD_Init
 .text.HAL_SD_InitCard
                0x00000000080021b0       0xf0 ./Drivers/STM32F1xx_HAL_Driver/Src/stm32f1xx_hal_sd.o
                0x00000000080021b0                HAL_SD_InitCard
 .text.HAL_SD_ReadBlocks
                0x00000000080022a0      0x3cc ./Drivers/STM32F1xx_HAL_Driver/Src/stm32f1xx_hal_sd.o
                0x00000000080022a0                HAL_SD_ReadBlocks
 .text.HAL_SD_WriteBlocks
                0x000000000800266c      0x31c ./Drivers/STM32F1xx_HAL_Driver/Src/stm32f1xx_hal_sd.o
                0x000000000800266c                HAL_SD_WriteBlocks
 .text.HAL_SD_GetCardCSD
                0x0000000008002988      0x348 ./Drivers/STM32F1xx_HAL_Driver/Src/stm32f1xx_hal_sd.o
                0x0000000008002988                HAL_SD_GetCardCSD
 .text.HAL_SD_GetCardInfo
                0x0000000008002cd0       0x56 ./Drivers/STM32F1xx_HAL_Driver/Src/stm32f1xx_hal_sd.o
                0x0000000008002cd0                HAL_SD_GetCardInfo
 .text.HAL_SD_GetCardState
                0x0000000008002d26       0x40 ./Drivers/STM32F1xx_HAL_Driver/Src/stm32f1xx_hal_sd.o
                0x0000000008002d26                HAL_SD_GetCardState
 .text.SD_InitCard
                0x0000000008002d66      0x19c ./Drivers/STM32F1xx_HAL_Driver/Src/stm32f1xx_hal_sd.o
 *fill*         0x0000000008002f02        0x2 
 .text.SD_PowerON
                0x0000000008002f04      0x11c ./Drivers/STM32F1xx_HAL_Driver/Src/stm32f1xx_hal_sd.o
 .text.SD_SendStatus
                0x0000000008003020       0x50 ./Drivers/STM32F1xx_HAL_Driver/Src/stm32f1xx_hal_sd.o
 .text.HAL_SRAM_Init
                0x0000000008003070       0x9a ./Drivers/STM32F1xx_HAL_Driver/Src/stm32f1xx_hal_sram.o
                0x0000000008003070                HAL_SRAM_Init
 .text.HAL_TIM_Base_Init
                0x000000000800310a       0x9e ./Drivers/STM32F1xx_HAL_Driver/Src/stm32f1xx_hal_tim.o
                0x000000000800310a                HAL_TIM_Base_Init
 .text.HAL_TIM_Base_Start
                0x00000000080031a8       0xb0 ./Drivers/STM32F1xx_HAL_Driver/Src/stm32f1xx_hal_tim.o
                0x00000000080031a8                HAL_TIM_Base_Start
 .text.TIM_Base_SetConfig
                0x0000000008003258      0x10c ./Drivers/STM32F1xx_HAL_Driver/Src/stm32f1xx_hal_tim.o
                0x0000000008003258                TIM_Base_SetConfig
 .text.HAL_TIMEx_MasterConfigSynchronization
                0x0000000008003364       0xd8 ./Drivers/STM32F1xx_HAL_Driver/Src/stm32f1xx_hal_tim_ex.o
                0x0000000008003364                HAL_TIMEx_MasterConfigSynchronization
 .text.FSMC_NORSRAM_Init
                0x000000000800343c       0xd4 ./Drivers/STM32F1xx_HAL_Driver/Src/stm32f1xx_ll_fsmc.o
                0x000000000800343c                FSMC_NORSRAM_Init
 .text.FSMC_NORSRAM_Timing_Init
                0x0000000008003510       0x5a ./Drivers/STM32F1xx_HAL_Driver/Src/stm32f1xx_ll_fsmc.o
                0x0000000008003510                FSMC_NORSRAM_Timing_Init
 *fill*         0x000000000800356a        0x2 
 .text.FSMC_NORSRAM_Extended_Timing_Init
                0x000000000800356c       0x70 ./Drivers/STM32F1xx_HAL_Driver/Src/stm32f1xx_ll_fsmc.o
                0x000000000800356c                FSMC_NORSRAM_Extended_Timing_Init
 .text.SDIO_Init
                0x00000000080035dc       0x54 ./Drivers/STM32F1xx_HAL_Driver/Src/stm32f1xx_ll_sdmmc.o
                0x00000000080035dc                SDIO_Init
 .text.SDIO_ReadFIFO
                0x0000000008003630       0x18 ./Drivers/STM32F1xx_HAL_Driver/Src/stm32f1xx_ll_sdmmc.o
                0x0000000008003630                SDIO_ReadFIFO
 .text.SDIO_WriteFIFO
                0x0000000008003648       0x20 ./Drivers/STM32F1xx_HAL_Driver/Src/stm32f1xx_ll_sdmmc.o
                0x0000000008003648                SDIO_WriteFIFO
 .text.SDIO_PowerState_ON
                0x0000000008003668       0x1a ./Drivers/STM32F1xx_HAL_Driver/Src/stm32f1xx_ll_sdmmc.o
                0x0000000008003668                SDIO_PowerState_ON
 .text.SDIO_GetPowerState
                0x0000000008003682       0x1a ./Drivers/STM32F1xx_HAL_Driver/Src/stm32f1xx_ll_sdmmc.o
                0x0000000008003682                SDIO_GetPowerState
 .text.SDIO_SendCommand
                0x000000000800369c       0x52 ./Drivers/STM32F1xx_HAL_Driver/Src/stm32f1xx_ll_sdmmc.o
                0x000000000800369c                SDIO_SendCommand
 .text.SDIO_GetCommandResponse
                0x00000000080036ee       0x18 ./Drivers/STM32F1xx_HAL_Driver/Src/stm32f1xx_ll_sdmmc.o
                0x00000000080036ee                SDIO_GetCommandResponse
 .text.SDIO_GetResponse
                0x0000000008003706       0x24 ./Drivers/STM32F1xx_HAL_Driver/Src/stm32f1xx_ll_sdmmc.o
                0x0000000008003706                SDIO_GetResponse
 .text.SDIO_ConfigData
                0x000000000800372a       0x56 ./Drivers/STM32F1xx_HAL_Driver/Src/stm32f1xx_ll_sdmmc.o
                0x000000000800372a                SDIO_ConfigData
 .text.SDMMC_CmdBlockLength
                0x0000000008003780       0x44 ./Drivers/STM32F1xx_HAL_Driver/Src/stm32f1xx_ll_sdmmc.o
                0x0000000008003780                SDMMC_CmdBlockLength
 .text.SDMMC_CmdReadSingleBlock
                0x00000000080037c4       0x44 ./Drivers/STM32F1xx_HAL_Driver/Src/stm32f1xx_ll_sdmmc.o
                0x00000000080037c4                SDMMC_CmdReadSingleBlock
 .text.SDMMC_CmdReadMultiBlock
                0x0000000008003808       0x44 ./Drivers/STM32F1xx_HAL_Driver/Src/stm32f1xx_ll_sdmmc.o
                0x0000000008003808                SDMMC_CmdReadMultiBlock
 .text.SDMMC_CmdWriteSingleBlock
                0x000000000800384c       0x44 ./Drivers/STM32F1xx_HAL_Driver/Src/stm32f1xx_ll_sdmmc.o
                0x000000000800384c                SDMMC_CmdWriteSingleBlock
 .text.SDMMC_CmdWriteMultiBlock
                0x0000000008003890       0x44 ./Drivers/STM32F1xx_HAL_Driver/Src/stm32f1xx_ll_sdmmc.o
                0x0000000008003890                SDMMC_CmdWriteMultiBlock
 .text.SDMMC_CmdStopTransfer
                0x00000000080038d4       0x44 ./Drivers/STM32F1xx_HAL_Driver/Src/stm32f1xx_ll_sdmmc.o
                0x00000000080038d4                SDMMC_CmdStopTransfer
 .text.SDMMC_CmdSelDesel
                0x0000000008003918       0x46 ./Drivers/STM32F1xx_HAL_Driver/Src/stm32f1xx_ll_sdmmc.o
                0x0000000008003918                SDMMC_CmdSelDesel
 .text.SDMMC_CmdGoIdleState
                0x000000000800395e       0x3c ./Drivers/STM32F1xx_HAL_Driver/Src/stm32f1xx_ll_sdmmc.o
                0x000000000800395e                SDMMC_CmdGoIdleState
 .text.SDMMC_CmdOperCond
                0x000000000800399a       0x3e ./Drivers/STM32F1xx_HAL_Driver/Src/stm32f1xx_ll_sdmmc.o
                0x000000000800399a                SDMMC_CmdOperCond
 .text.SDMMC_CmdAppCommand
                0x00000000080039d8       0x44 ./Drivers/STM32F1xx_HAL_Driver/Src/stm32f1xx_ll_sdmmc.o
                0x00000000080039d8                SDMMC_CmdAppCommand
 .text.SDMMC_CmdAppOperCommand
                0x0000000008003a1c       0x46 ./Drivers/STM32F1xx_HAL_Driver/Src/stm32f1xx_ll_sdmmc.o
                0x0000000008003a1c                SDMMC_CmdAppOperCommand
 .text.SDMMC_CmdSendCID
                0x0000000008003a62       0x3c ./Drivers/STM32F1xx_HAL_Driver/Src/stm32f1xx_ll_sdmmc.o
                0x0000000008003a62                SDMMC_CmdSendCID
 .text.SDMMC_CmdSendCSD
                0x0000000008003a9e       0x3e ./Drivers/STM32F1xx_HAL_Driver/Src/stm32f1xx_ll_sdmmc.o
                0x0000000008003a9e                SDMMC_CmdSendCSD
 .text.SDMMC_CmdSetRelAdd
                0x0000000008003adc       0x42 ./Drivers/STM32F1xx_HAL_Driver/Src/stm32f1xx_ll_sdmmc.o
                0x0000000008003adc                SDMMC_CmdSetRelAdd
 .text.SDMMC_CmdSendStatus
                0x0000000008003b1e       0x44 ./Drivers/STM32F1xx_HAL_Driver/Src/stm32f1xx_ll_sdmmc.o
                0x0000000008003b1e                SDMMC_CmdSendStatus
 *fill*         0x0000000008003b62        0x2 
 .text.SDMMC_GetCmdResp1
                0x0000000008003b64      0x1dc ./Drivers/STM32F1xx_HAL_Driver/Src/stm32f1xx_ll_sdmmc.o
                0x0000000008003b64                SDMMC_GetCmdResp1
 .text.SDMMC_GetCmdResp2
                0x0000000008003d40       0x90 ./Drivers/STM32F1xx_HAL_Driver/Src/stm32f1xx_ll_sdmmc.o
                0x0000000008003d40                SDMMC_GetCmdResp2
 .text.SDMMC_GetCmdResp3
                0x0000000008003dd0       0x78 ./Drivers/STM32F1xx_HAL_Driver/Src/stm32f1xx_ll_sdmmc.o
                0x0000000008003dd0                SDMMC_GetCmdResp3
 .text.SDMMC_GetCmdResp6
                0x0000000008003e48       0xec ./Drivers/STM32F1xx_HAL_Driver/Src/stm32f1xx_ll_sdmmc.o
                0x0000000008003e48                SDMMC_GetCmdResp6
 .text.SDMMC_GetCmdResp7
                0x0000000008003f34       0x9c ./Drivers/STM32F1xx_HAL_Driver/Src/stm32f1xx_ll_sdmmc.o
                0x0000000008003f34                SDMMC_GetCmdResp7
 .text.SDMMC_GetCmdError
                0x0000000008003fd0       0x54 ./Drivers/STM32F1xx_HAL_Driver/Src/stm32f1xx_ll_sdmmc.o
 .text.MX_FATFS_Init
                0x0000000008004024       0x24 ./FATFS/App/fatfs.o
                0x0000000008004024                MX_FATFS_Init
 .text.get_fattime
                0x0000000008004048        0xe ./FATFS/App/fatfs.o
                0x0000000008004048                get_fattime
 *fill*         0x0000000008004056        0x2 
 .text.BSP_SD_Init
                0x0000000008004058       0x30 ./FATFS/Target/bsp_driver_sd.o
                0x0000000008004058                BSP_SD_Init
 .text.BSP_SD_ReadBlocks
                0x0000000008004088       0x3c ./FATFS/Target/bsp_driver_sd.o
                0x0000000008004088                BSP_SD_ReadBlocks
 .text.BSP_SD_WriteBlocks
                0x00000000080040c4       0x3c ./FATFS/Target/bsp_driver_sd.o
                0x00000000080040c4                BSP_SD_WriteBlocks
 .text.BSP_SD_GetCardState
                0x0000000008004100       0x20 ./FATFS/Target/bsp_driver_sd.o
                0x0000000008004100                BSP_SD_GetCardState
 .text.BSP_SD_GetCardInfo
                0x0000000008004120       0x1c ./FATFS/Target/bsp_driver_sd.o
                0x0000000008004120                BSP_SD_GetCardInfo
 .text.BSP_SD_IsDetected
                0x000000000800413c       0x18 ./FATFS/Target/bsp_driver_sd.o
                0x000000000800413c                BSP_SD_IsDetected
 .text.disk_status
                0x0000000008004154       0x34 ./Middlewares/Third_Party/FatFs/src/diskio.o
                0x0000000008004154                disk_status
 .text.disk_initialize
                0x0000000008004188       0x4c ./Middlewares/Third_Party/FatFs/src/diskio.o
                0x0000000008004188                disk_initialize
 .text.disk_read
                0x00000000080041d4       0x40 ./Middlewares/Third_Party/FatFs/src/diskio.o
                0x00000000080041d4                disk_read
 .text.disk_write
                0x0000000008004214       0x40 ./Middlewares/Third_Party/FatFs/src/diskio.o
                0x0000000008004214                disk_write
 .text.disk_ioctl
                0x0000000008004254       0x3c ./Middlewares/Third_Party/FatFs/src/diskio.o
                0x0000000008004254                disk_ioctl
 .text.mem_cpy  0x0000000008004290       0x3c ./Middlewares/Third_Party/FatFs/src/ff.o
 .text.mem_set  0x00000000080042cc       0x34 ./Middlewares/Third_Party/FatFs/src/ff.o
 .text.mem_cmp  0x0000000008004300       0x4c ./Middlewares/Third_Party/FatFs/src/ff.o
 .text.chk_chr  0x000000000800434c       0x34 ./Middlewares/Third_Party/FatFs/src/ff.o
 .text.chk_lock
                0x0000000008004380       0xd8 ./Middlewares/Third_Party/FatFs/src/ff.o
 .text.enq_lock
                0x0000000008004458       0x48 ./Middlewares/Third_Party/FatFs/src/ff.o
 .text.inc_lock
                0x00000000080044a0      0x16c ./Middlewares/Third_Party/FatFs/src/ff.o
 .text.dec_lock
                0x000000000800460c       0x88 ./Middlewares/Third_Party/FatFs/src/ff.o
 .text.clear_lock
                0x0000000008004694       0x54 ./Middlewares/Third_Party/FatFs/src/ff.o
 .text.sync_window
                0x00000000080046e8       0x92 ./Middlewares/Third_Party/FatFs/src/ff.o
 .text.move_window
                0x000000000800477a       0x5c ./Middlewares/Third_Party/FatFs/src/ff.o
 .text.sync_fs  0x00000000080047d6      0x15a ./Middlewares/Third_Party/FatFs/src/ff.o
 .text.clust2sect
                0x0000000008004930       0x42 ./Middlewares/Third_Party/FatFs/src/ff.o
                0x0000000008004930                clust2sect
 .text.get_fat  0x0000000008004972      0x174 ./Middlewares/Third_Party/FatFs/src/ff.o
                0x0000000008004972                get_fat
 .text.put_fat  0x0000000008004ae6      0x21c ./Middlewares/Third_Party/FatFs/src/ff.o
                0x0000000008004ae6                put_fat
 .text.remove_chain
                0x0000000008004d02       0xb4 ./Middlewares/Third_Party/FatFs/src/ff.o
 .text.create_chain
                0x0000000008004db6      0x13a ./Middlewares/Third_Party/FatFs/src/ff.o
 .text.clmt_clust
                0x0000000008004ef0       0x68 ./Middlewares/Third_Party/FatFs/src/ff.o
 .text.dir_sdi  0x0000000008004f58      0x128 ./Middlewares/Third_Party/FatFs/src/ff.o
 .text.dir_next
                0x0000000008005080      0x1ee ./Middlewares/Third_Party/FatFs/src/ff.o
 .text.dir_alloc
                0x000000000800526e       0x94 ./Middlewares/Third_Party/FatFs/src/ff.o
 .text.ld_clust
                0x0000000008005302       0x5a ./Middlewares/Third_Party/FatFs/src/ff.o
 .text.st_clust
                0x000000000800535c       0x4c ./Middlewares/Third_Party/FatFs/src/ff.o
 .text.dir_find
                0x00000000080053a8       0x9e ./Middlewares/Third_Party/FatFs/src/ff.o
 .text.dir_read
                0x0000000008005446       0xbe ./Middlewares/Third_Party/FatFs/src/ff.o
 .text.dir_register
                0x0000000008005504       0x72 ./Middlewares/Third_Party/FatFs/src/ff.o
 .text.get_fileinfo
                0x0000000008005576       0xe0 ./Middlewares/Third_Party/FatFs/src/ff.o
 *fill*         0x0000000008005656        0x2 
 .text.get_achar
                0x0000000008005658       0x48 ./Middlewares/Third_Party/FatFs/src/ff.o
 .text.pattern_matching
                0x00000000080056a0       0xf6 ./Middlewares/Third_Party/FatFs/src/ff.o
 *fill*         0x0000000008005796        0x2 
 .text.create_name
                0x0000000008005798      0x180 ./Middlewares/Third_Party/FatFs/src/ff.o
 .text.follow_path
                0x0000000008005918       0xdc ./Middlewares/Third_Party/FatFs/src/ff.o
 .text.get_ldnumber
                0x00000000080059f4       0x86 ./Middlewares/Third_Party/FatFs/src/ff.o
 *fill*         0x0000000008005a7a        0x2 
 .text.check_fs
                0x0000000008005a7c       0xd4 ./Middlewares/Third_Party/FatFs/src/ff.o
 .text.find_volume
                0x0000000008005b50      0x590 ./Middlewares/Third_Party/FatFs/src/ff.o
 .text.validate
                0x00000000080060e0       0x66 ./Middlewares/Third_Party/FatFs/src/ff.o
 *fill*         0x0000000008006146        0x2 
 .text.f_mount  0x0000000008006148       0x90 ./Middlewares/Third_Party/FatFs/src/ff.o
                0x0000000008006148                f_mount
 .text.f_open   0x00000000080061d8      0x4f2 ./Middlewares/Third_Party/FatFs/src/ff.o
                0x00000000080061d8                f_open
 .text.f_read   0x00000000080066ca      0x2d6 ./Middlewares/Third_Party/FatFs/src/ff.o
                0x00000000080066ca                f_read
 .text.f_sync   0x00000000080069a0      0x174 ./Middlewares/Third_Party/FatFs/src/ff.o
                0x00000000080069a0                f_sync
 .text.f_close  0x0000000008006b14       0x50 ./Middlewares/Third_Party/FatFs/src/ff.o
                0x0000000008006b14                f_close
 .text.f_opendir
                0x0000000008006b64      0x104 ./Middlewares/Third_Party/FatFs/src/ff.o
                0x0000000008006b64                f_opendir
 .text.f_closedir
                0x0000000008006c68       0x4a ./Middlewares/Third_Party/FatFs/src/ff.o
                0x0000000008006c68                f_closedir
 .text.f_readdir
                0x0000000008006cb2       0x8c ./Middlewares/Third_Party/FatFs/src/ff.o
                0x0000000008006cb2                f_readdir
 .text.f_findnext
                0x0000000008006d3e       0x52 ./Middlewares/Third_Party/FatFs/src/ff.o
                0x0000000008006d3e                f_findnext
 .text.f_findfirst
                0x0000000008006d90       0x3e ./Middlewares/Third_Party/FatFs/src/ff.o
                0x0000000008006d90                f_findfirst
 *fill*         0x0000000008006dce        0x2 
 .text.FATFS_LinkDriverEx
                0x0000000008006dd0       0x94 ./Middlewares/Third_Party/FatFs/src/ff_gen_drv.o
                0x0000000008006dd0                FATFS_LinkDriverEx
 .text.FATFS_LinkDriver
                0x0000000008006e64       0x1e ./Middlewares/Third_Party/FatFs/src/ff_gen_drv.o
                0x0000000008006e64                FATFS_LinkDriver
 *fill*         0x0000000008006e82        0x2 
 .text.SD_initialize
                0x0000000008006e84       0x3c ./Middlewares/Third_Party/FatFs/src/drivers/sd_diskio.o
                0x0000000008006e84                SD_initialize
 .text.SD_status
                0x0000000008006ec0       0x3c ./Middlewares/Third_Party/FatFs/src/drivers/sd_diskio.o
                0x0000000008006ec0                SD_status
 .text.SD_read  0x0000000008006efc       0x5c ./Middlewares/Third_Party/FatFs/src/drivers/sd_diskio.o
                0x0000000008006efc                SD_read
 .text.SD_write
                0x0000000008006f58       0x5c ./Middlewares/Third_Party/FatFs/src/drivers/sd_diskio.o
                0x0000000008006f58                SD_write
 .text.SD_ioctl
                0x0000000008006fb4       0xac ./Middlewares/Third_Party/FatFs/src/drivers/sd_diskio.o
                0x0000000008006fb4                SD_ioctl
 .text.__errno  0x0000000008007060        0xc c:/st/stm32cubeide_1.9.0/stm32cubeide/plugins/com.st.stm32cube.ide.mcu.externaltools.gnu-tools-for-stm32.10.3-2021.10.win32_1.0.0.202111181127/tools/bin/../lib/gcc/arm-none-eabi/10.3.1/../../../../arm-none-eabi/lib/thumb/v7-m/nofp\libc_nano.a(lib_a-errno.o)
                0x0000000008007060                __errno
 .text.__libc_init_array
                0x000000000800706c       0x48 c:/st/stm32cubeide_1.9.0/stm32cubeide/plugins/com.st.stm32cube.ide.mcu.externaltools.gnu-tools-for-stm32.10.3-2021.10.win32_1.0.0.202111181127/tools/bin/../lib/gcc/arm-none-eabi/10.3.1/../../../../arm-none-eabi/lib/thumb/v7-m/nofp\libc_nano.a(lib_a-init.o)
                0x000000000800706c                __libc_init_array
 .text.memset   0x00000000080070b4       0x10 c:/st/stm32cubeide_1.9.0/stm32cubeide/plugins/com.st.stm32cube.ide.mcu.externaltools.gnu-tools-for-stm32.10.3-2021.10.win32_1.0.0.202111181127/tools/bin/../lib/gcc/arm-none-eabi/10.3.1/../../../../arm-none-eabi/lib/thumb/v7-m/nofp\libc_nano.a(lib_a-memset.o)
                0x00000000080070b4                memset
 .text.sprintf  0x00000000080070c4       0x40 c:/st/stm32cubeide_1.9.0/stm32cubeide/plugins/com.st.stm32cube.ide.mcu.externaltools.gnu-tools-for-stm32.10.3-2021.10.win32_1.0.0.202111181127/tools/bin/../lib/gcc/arm-none-eabi/10.3.1/../../../../arm-none-eabi/lib/thumb/v7-m/nofp\libc_nano.a(lib_a-sprintf.o)
                0x00000000080070c4                siprintf
                0x00000000080070c4                sprintf
 .text.__ssputs_r
                0x0000000008007104       0xb6 c:/st/stm32cubeide_1.9.0/stm32cubeide/plugins/com.st.stm32cube.ide.mcu.externaltools.gnu-tools-for-stm32.10.3-2021.10.win32_1.0.0.202111181127/tools/bin/../lib/gcc/arm-none-eabi/10.3.1/../../../../arm-none-eabi/lib/thumb/v7-m/nofp\libc_nano.a(lib_a-nano-svfprintf.o)
                0x0000000008007104                __ssputs_r
 *fill*         0x00000000080071ba        0x2 
 .text._svfprintf_r
                0x00000000080071bc      0x200 c:/st/stm32cubeide_1.9.0/stm32cubeide/plugins/com.st.stm32cube.ide.mcu.externaltools.gnu-tools-for-stm32.10.3-2021.10.win32_1.0.0.202111181127/tools/bin/../lib/gcc/arm-none-eabi/10.3.1/../../../../arm-none-eabi/lib/thumb/v7-m/nofp\libc_nano.a(lib_a-nano-svfprintf.o)
                0x00000000080071bc                _svfiprintf_r
                0x00000000080071bc                _svfprintf_r
 .text._printf_common
                0x00000000080073bc       0xde c:/st/stm32cubeide_1.9.0/stm32cubeide/plugins/com.st.stm32cube.ide.mcu.externaltools.gnu-tools-for-stm32.10.3-2021.10.win32_1.0.0.202111181127/tools/bin/../lib/gcc/arm-none-eabi/10.3.1/../../../../arm-none-eabi/lib/thumb/v7-m/nofp\libc_nano.a(lib_a-nano-vfprintf_i.o)
                0x00000000080073bc                _printf_common
 *fill*         0x000000000800749a        0x2 
 .text._printf_i
                0x000000000800749c      0x24c c:/st/stm32cubeide_1.9.0/stm32cubeide/plugins/com.st.stm32cube.ide.mcu.externaltools.gnu-tools-for-stm32.10.3-2021.10.win32_1.0.0.202111181127/tools/bin/../lib/gcc/arm-none-eabi/10.3.1/../../../../arm-none-eabi/lib/thumb/v7-m/nofp\libc_nano.a(lib_a-nano-vfprintf_i.o)
                0x000000000800749c                _printf_i
 .text.memchr   0x00000000080076e8       0x1c c:/st/stm32cubeide_1.9.0/stm32cubeide/plugins/com.st.stm32cube.ide.mcu.externaltools.gnu-tools-for-stm32.10.3-2021.10.win32_1.0.0.202111181127/tools/bin/../lib/gcc/arm-none-eabi/10.3.1/../../../../arm-none-eabi/lib/thumb/v7-m/nofp\libc_nano.a(lib_a-memchr-stub.o)
                0x00000000080076e8                memchr
 .text.memcpy   0x0000000008007704       0x1c c:/st/stm32cubeide_1.9.0/stm32cubeide/plugins/com.st.stm32cube.ide.mcu.externaltools.gnu-tools-for-stm32.10.3-2021.10.win32_1.0.0.202111181127/tools/bin/../lib/gcc/arm-none-eabi/10.3.1/../../../../arm-none-eabi/lib/thumb/v7-m/nofp\libc_nano.a(lib_a-memcpy-stub.o)
                0x0000000008007704                memcpy
 .text.memmove  0x0000000008007720       0x34 c:/st/stm32cubeide_1.9.0/stm32cubeide/plugins/com.st.stm32cube.ide.mcu.externaltools.gnu-tools-for-stm32.10.3-2021.10.win32_1.0.0.202111181127/tools/bin/../lib/gcc/arm-none-eabi/10.3.1/../../../../arm-none-eabi/lib/thumb/v7-m/nofp\libc_nano.a(lib_a-memmove.o)
                0x0000000008007720                memmove
 .text._free_r  0x0000000008007754       0x90 c:/st/stm32cubeide_1.9.0/stm32cubeide/plugins/com.st.stm32cube.ide.mcu.externaltools.gnu-tools-for-stm32.10.3-2021.10.win32_1.0.0.202111181127/tools/bin/../lib/gcc/arm-none-eabi/10.3.1/../../../../arm-none-eabi/lib/thumb/v7-m/nofp\libc_nano.a(lib_a-nano-freer.o)
                0x0000000008007754                _free_r
 .text.sbrk_aligned
                0x00000000080077e4       0x40 c:/st/stm32cubeide_1.9.0/stm32cubeide/plugins/com.st.stm32cube.ide.mcu.externaltools.gnu-tools-for-stm32.10.3-2021.10.win32_1.0.0.202111181127/tools/bin/../lib/gcc/arm-none-eabi/10.3.1/../../../../arm-none-eabi/lib/thumb/v7-m/nofp\libc_nano.a(lib_a-nano-mallocr.o)
 .text._malloc_r
                0x0000000008007824       0xe8 c:/st/stm32cubeide_1.9.0/stm32cubeide/plugins/com.st.stm32cube.ide.mcu.externaltools.gnu-tools-for-stm32.10.3-2021.10.win32_1.0.0.202111181127/tools/bin/../lib/gcc/arm-none-eabi/10.3.1/../../../../arm-none-eabi/lib/thumb/v7-m/nofp\libc_nano.a(lib_a-nano-mallocr.o)
                0x0000000008007824                _malloc_r
 .text._realloc_r
                0x000000000800790c       0x5e c:/st/stm32cubeide_1.9.0/stm32cubeide/plugins/com.st.stm32cube.ide.mcu.externaltools.gnu-tools-for-stm32.10.3-2021.10.win32_1.0.0.202111181127/tools/bin/../lib/gcc/arm-none-eabi/10.3.1/../../../../arm-none-eabi/lib/thumb/v7-m/nofp\libc_nano.a(lib_a-nano-reallocr.o)
                0x000000000800790c                _realloc_r
 *fill*         0x000000000800796a        0x2 
 .text._sbrk_r  0x000000000800796c       0x20 c:/st/stm32cubeide_1.9.0/stm32cubeide/plugins/com.st.stm32cube.ide.mcu.externaltools.gnu-tools-for-stm32.10.3-2021.10.win32_1.0.0.202111181127/tools/bin/../lib/gcc/arm-none-eabi/10.3.1/../../../../arm-none-eabi/lib/thumb/v7-m/nofp\libc_nano.a(lib_a-sbrkr.o)
                0x000000000800796c                _sbrk_r
 .text.__malloc_lock
                0x000000000800798c        0xc c:/st/stm32cubeide_1.9.0/stm32cubeide/plugins/com.st.stm32cube.ide.mcu.externaltools.gnu-tools-for-stm32.10.3-2021.10.win32_1.0.0.202111181127/tools/bin/../lib/gcc/arm-none-eabi/10.3.1/../../../../arm-none-eabi/lib/thumb/v7-m/nofp\libc_nano.a(lib_a-mlock.o)
                0x000000000800798c                __malloc_lock
 .text.__malloc_unlock
                0x0000000008007998        0xc c:/st/stm32cubeide_1.9.0/stm32cubeide/plugins/com.st.stm32cube.ide.mcu.externaltools.gnu-tools-for-stm32.10.3-2021.10.win32_1.0.0.202111181127/tools/bin/../lib/gcc/arm-none-eabi/10.3.1/../../../../arm-none-eabi/lib/thumb/v7-m/nofp\libc_nano.a(lib_a-mlock.o)
                0x0000000008007998                __malloc_unlock
 .text._malloc_usable_size_r
                0x00000000080079a4       0x10 c:/st/stm32cubeide_1.9.0/stm32cubeide/plugins/com.st.stm32cube.ide.mcu.externaltools.gnu-tools-for-stm32.10.3-2021.10.win32_1.0.0.202111181127/tools/bin/../lib/gcc/arm-none-eabi/10.3.1/../../../../arm-none-eabi/lib/thumb/v7-m/nofp\libc_nano.a(lib_a-nano-msizer.o)
                0x00000000080079a4                _malloc_usable_size_r
 .text.__retarget_lock_acquire_recursive
                0x00000000080079b4        0x2 c:/st/stm32cubeide_1.9.0/stm32cubeide/plugins/com.st.stm32cube.ide.mcu.externaltools.gnu-tools-for-stm32.10.3-2021.10.win32_1.0.0.202111181127/tools/bin/../lib/gcc/arm-none-eabi/10.3.1/../../../../arm-none-eabi/lib/thumb/v7-m/nofp\libc_nano.a(lib_a-lock.o)
                0x00000000080079b4                __retarget_lock_acquire_recursive
 .text.__retarget_lock_release_recursive
                0x00000000080079b6        0x2 c:/st/stm32cubeide_1.9.0/stm32cubeide/plugins/com.st.stm32cube.ide.mcu.externaltools.gnu-tools-for-stm32.10.3-2021.10.win32_1.0.0.202111181127/tools/bin/../lib/gcc/arm-none-eabi/10.3.1/../../../../arm-none-eabi/lib/thumb/v7-m/nofp\libc_nano.a(lib_a-lock.o)
                0x00000000080079b6                __retarget_lock_release_recursive
 *(.glue_7)
 .glue_7        0x00000000080079b8        0x0 linker stubs
 *(.glue_7t)
 .glue_7t       0x00000000080079b8        0x0 linker stubs
 *(.eh_frame)
 .eh_frame      0x00000000080079b8        0x0 c:/st/stm32cubeide_1.9.0/stm32cubeide/plugins/com.st.stm32cube.ide.mcu.externaltools.gnu-tools-for-stm32.10.3-2021.10.win32_1.0.0.202111181127/tools/bin/../lib/gcc/arm-none-eabi/10.3.1/thumb/v7-m/nofp/crtbegin.o
 *(.init)
 .init          0x00000000080079b8        0x4 c:/st/stm32cubeide_1.9.0/stm32cubeide/plugins/com.st.stm32cube.ide.mcu.externaltools.gnu-tools-for-stm32.10.3-2021.10.win32_1.0.0.202111181127/tools/bin/../lib/gcc/arm-none-eabi/10.3.1/thumb/v7-m/nofp/crti.o
                0x00000000080079b8                _init
 .init          0x00000000080079bc        0x8 c:/st/stm32cubeide_1.9.0/stm32cubeide/plugins/com.st.stm32cube.ide.mcu.externaltools.gnu-tools-for-stm32.10.3-2021.10.win32_1.0.0.202111181127/tools/bin/../lib/gcc/arm-none-eabi/10.3.1/thumb/v7-m/nofp/crtn.o
 *(.fini)
 .fini          0x00000000080079c4        0x4 c:/st/stm32cubeide_1.9.0/stm32cubeide/plugins/com.st.stm32cube.ide.mcu.externaltools.gnu-tools-for-stm32.10.3-2021.10.win32_1.0.0.202111181127/tools/bin/../lib/gcc/arm-none-eabi/10.3.1/thumb/v7-m/nofp/crti.o
                0x00000000080079c4                _fini
 .fini          0x00000000080079c8        0x8 c:/st/stm32cubeide_1.9.0/stm32cubeide/plugins/com.st.stm32cube.ide.mcu.externaltools.gnu-tools-for-stm32.10.3-2021.10.win32_1.0.0.202111181127/tools/bin/../lib/gcc/arm-none-eabi/10.3.1/thumb/v7-m/nofp/crtn.o
                0x00000000080079d0                . = ALIGN (0x4)
                0x00000000080079d0                _etext = .

.vfp11_veneer   0x00000000080079d0        0x0
 .vfp11_veneer  0x00000000080079d0        0x0 linker stubs

.v4_bx          0x00000000080079d0        0x0
 .v4_bx         0x00000000080079d0        0x0 linker stubs

.iplt           0x00000000080079d0        0x0
 .iplt          0x00000000080079d0        0x0 c:/st/stm32cubeide_1.9.0/stm32cubeide/plugins/com.st.stm32cube.ide.mcu.externaltools.gnu-tools-for-stm32.10.3-2021.10.win32_1.0.0.202111181127/tools/bin/../lib/gcc/arm-none-eabi/10.3.1/thumb/v7-m/nofp/crtbegin.o

.rodata         0x00000000080079d0      0x790
                0x00000000080079d0                . = ALIGN (0x4)
 *(.rodata)
 .rodata        0x00000000080079d0       0x70 ./Core/Src/main.o
 .rodata        0x0000000008007a40       0x44 ./Middlewares/Third_Party/FatFs/src/ff.o
 *(.rodata*)
 .rodata.ucAscii_1608
                0x0000000008007a84      0x5f0 ./Core/Src/lcd.o
                0x0000000008007a84                ucAscii_1608
 .rodata.AHBPrescTable
                0x0000000008008074       0x10 ./Core/Src/system_stm32f1xx.o
                0x0000000008008074                AHBPrescTable
 .rodata.aPLLMULFactorTable.1
                0x0000000008008084       0x10 ./Drivers/STM32F1xx_HAL_Driver/Src/stm32f1xx_hal_rcc.o
 .rodata.aPredivFactorTable.0
                0x0000000008008094        0x2 ./Drivers/STM32F1xx_HAL_Driver/Src/stm32f1xx_hal_rcc.o
 *fill*         0x0000000008008096        0x2 
 .rodata.ExCvt  0x0000000008008098       0x80 ./Middlewares/Third_Party/FatFs/src/ff.o
 .rodata.SD_Driver
                0x0000000008008118       0x14 ./Middlewares/Third_Party/FatFs/src/drivers/sd_diskio.o
                0x0000000008008118                SD_Driver
 .rodata._svfprintf_r.str1.1
                0x000000000800812c       0x11 c:/st/stm32cubeide_1.9.0/stm32cubeide/plugins/com.st.stm32cube.ide.mcu.externaltools.gnu-tools-for-stm32.10.3-2021.10.win32_1.0.0.202111181127/tools/bin/../lib/gcc/arm-none-eabi/10.3.1/../../../../arm-none-eabi/lib/thumb/v7-m/nofp\libc_nano.a(lib_a-nano-svfprintf.o)
 .rodata._printf_i.str1.1
                0x000000000800813d       0x22 c:/st/stm32cubeide_1.9.0/stm32cubeide/plugins/com.st.stm32cube.ide.mcu.externaltools.gnu-tools-for-stm32.10.3-2021.10.win32_1.0.0.202111181127/tools/bin/../lib/gcc/arm-none-eabi/10.3.1/../../../../arm-none-eabi/lib/thumb/v7-m/nofp\libc_nano.a(lib_a-nano-vfprintf_i.o)
                0x0000000008008160                . = ALIGN (0x4)
 *fill*         0x000000000800815f        0x1 

.rel.dyn        0x0000000008008160        0x0
 .rel.iplt      0x0000000008008160        0x0 c:/st/stm32cubeide_1.9.0/stm32cubeide/plugins/com.st.stm32cube.ide.mcu.externaltools.gnu-tools-for-stm32.10.3-2021.10.win32_1.0.0.202111181127/tools/bin/../lib/gcc/arm-none-eabi/10.3.1/thumb/v7-m/nofp/crtbegin.o

.ARM.extab      0x0000000008008160        0x0
                0x0000000008008160                . = ALIGN (0x4)
 *(.ARM.extab* .gnu.linkonce.armextab.*)
                0x0000000008008160                . = ALIGN (0x4)

.ARM            0x0000000008008160        0x0
                0x0000000008008160                . = ALIGN (0x4)
                0x0000000008008160                __exidx_start = .
 *(.ARM.exidx*)
                0x0000000008008160                __exidx_end = .
                0x0000000008008160                . = ALIGN (0x4)

.preinit_array  0x0000000008008160        0x0
                0x0000000008008160                . = ALIGN (0x4)
                0x0000000008008160                PROVIDE (__preinit_array_start = .)
 *(.preinit_array*)
                0x0000000008008160                PROVIDE (__preinit_array_end = .)
                0x0000000008008160                . = ALIGN (0x4)

.init_array     0x0000000008008160        0x4
                0x0000000008008160                . = ALIGN (0x4)
                0x0000000008008160                PROVIDE (__init_array_start = .)
 *(SORT_BY_NAME(.init_array.*))
 *(.init_array*)
 .init_array    0x0000000008008160        0x4 c:/st/stm32cubeide_1.9.0/stm32cubeide/plugins/com.st.stm32cube.ide.mcu.externaltools.gnu-tools-for-stm32.10.3-2021.10.win32_1.0.0.202111181127/tools/bin/../lib/gcc/arm-none-eabi/10.3.1/thumb/v7-m/nofp/crtbegin.o
                0x0000000008008164                PROVIDE (__init_array_end = .)
                0x0000000008008164                . = ALIGN (0x4)

.fini_array     0x0000000008008164        0x4
                0x0000000008008164                . = ALIGN (0x4)
                [!provide]                        PROVIDE (__fini_array_start = .)
 *(SORT_BY_NAME(.fini_array.*))
 *(.fini_array*)
 .fini_array    0x0000000008008164        0x4 c:/st/stm32cubeide_1.9.0/stm32cubeide/plugins/com.st.stm32cube.ide.mcu.externaltools.gnu-tools-for-stm32.10.3-2021.10.win32_1.0.0.202111181127/tools/bin/../lib/gcc/arm-none-eabi/10.3.1/thumb/v7-m/nofp/crtbegin.o
                [!provide]                        PROVIDE (__fini_array_end = .)
                0x0000000008008168                . = ALIGN (0x4)
                0x0000000008008168                _sidata = LOADADDR (.data)

.data           0x0000000020000000       0x70 load address 0x0000000008008168
                0x0000000020000000                . = ALIGN (0x4)
                0x0000000020000000                _sdata = .
 *(.data)
 *(.data*)
 .data.SystemCoreClock
                0x0000000020000000        0x4 ./Core/Src/system_stm32f1xx.o
                0x0000000020000000                SystemCoreClock
 .data.uwTickPrio
                0x0000000020000004        0x4 ./Drivers/STM32F1xx_HAL_Driver/Src/stm32f1xx_hal.o
                0x0000000020000004                uwTickPrio
 .data.uwTickFreq
                0x0000000020000008        0x1 ./Drivers/STM32F1xx_HAL_Driver/Src/stm32f1xx_hal.o
                0x0000000020000008                uwTickFreq
 .data.Stat     0x0000000020000009        0x1 ./Middlewares/Third_Party/FatFs/src/drivers/sd_diskio.o
 *fill*         0x000000002000000a        0x2 
 .data._impure_ptr
                0x000000002000000c        0x4 c:/st/stm32cubeide_1.9.0/stm32cubeide/plugins/com.st.stm32cube.ide.mcu.externaltools.gnu-tools-for-stm32.10.3-2021.10.win32_1.0.0.202111181127/tools/bin/../lib/gcc/arm-none-eabi/10.3.1/../../../../arm-none-eabi/lib/thumb/v7-m/nofp\libc_nano.a(lib_a-impure.o)
                0x000000002000000c                _impure_ptr
 .data.impure_data
                0x0000000020000010       0x60 c:/st/stm32cubeide_1.9.0/stm32cubeide/plugins/com.st.stm32cube.ide.mcu.externaltools.gnu-tools-for-stm32.10.3-2021.10.win32_1.0.0.202111181127/tools/bin/../lib/gcc/arm-none-eabi/10.3.1/../../../../arm-none-eabi/lib/thumb/v7-m/nofp\libc_nano.a(lib_a-impure.o)
 *(.RamFunc)
 *(.RamFunc*)
                0x0000000020000070                . = ALIGN (0x4)
                0x0000000020000070                _edata = .

.igot.plt       0x0000000020000070        0x0 load address 0x00000000080081d8
 .igot.plt      0x0000000020000070        0x0 c:/st/stm32cubeide_1.9.0/stm32cubeide/plugins/com.st.stm32cube.ide.mcu.externaltools.gnu-tools-for-stm32.10.3-2021.10.win32_1.0.0.202111181127/tools/bin/../lib/gcc/arm-none-eabi/10.3.1/thumb/v7-m/nofp/crtbegin.o
                0x0000000020000070                . = ALIGN (0x4)

.bss            0x0000000020000070      0xa34 load address 0x00000000080081d8
                0x0000000020000070                _sbss = .
                0x0000000020000070                __bss_start__ = _sbss
 *(.bss)
 .bss           0x0000000020000070       0x1c c:/st/stm32cubeide_1.9.0/stm32cubeide/plugins/com.st.stm32cube.ide.mcu.externaltools.gnu-tools-for-stm32.10.3-2021.10.win32_1.0.0.202111181127/tools/bin/../lib/gcc/arm-none-eabi/10.3.1/thumb/v7-m/nofp/crtbegin.o
 *(.bss*)
 .bss.hdac      0x000000002000008c       0x14 ./Core/Src/dac.o
                0x000000002000008c                hdac
 .bss.hsram1    0x00000000200000a0       0x48 ./Core/Src/fsmc.o
                0x00000000200000a0                hsram1
 .bss.FSMC_Initialized
                0x00000000200000e8        0x4 ./Core/Src/fsmc.o
 .bss.dir       0x00000000200000ec      0x224 ./Core/Src/main.o
                0x00000000200000ec                dir
 .bss.fno       0x0000000020000310       0x18 ./Core/Src/main.o
                0x0000000020000310                fno
 .bss.fs        0x0000000020000328      0x230 ./Core/Src/main.o
                0x0000000020000328                fs
 .bss.wavFile   0x0000000020000558      0x22c ./Core/Src/main.o
                0x0000000020000558                wavFile
 .bss.audioBuf  0x0000000020000784      0x200 ./Core/Src/main.o
                0x0000000020000784                audioBuf
 .bss.sampleRate
                0x0000000020000984        0x4 ./Core/Src/main.o
                0x0000000020000984                sampleRate
 .bss.channels  0x0000000020000988        0x2 ./Core/Src/main.o
                0x0000000020000988                channels
 .bss.bitDepth  0x000000002000098a        0x2 ./Core/Src/main.o
                0x000000002000098a                bitDepth
 .bss.hsd       0x000000002000098c       0x84 ./Core/Src/sdio.o
                0x000000002000098c                hsd
 .bss.__sbrk_heap_end
                0x0000000020000a10        0x4 ./Core/Src/sysmem.o
 .bss.htim6     0x0000000020000a14       0x48 ./Core/Src/tim.o
                0x0000000020000a14                htim6
 .bss.uwTick    0x0000000020000a5c        0x4 ./Drivers/STM32F1xx_HAL_Driver/Src/stm32f1xx_hal.o
                0x0000000020000a5c                uwTick
 .bss.retSD     0x0000000020000a60        0x1 ./FATFS/App/fatfs.o
                0x0000000020000a60                retSD
 *fill*         0x0000000020000a61        0x3 
 .bss.SDPath    0x0000000020000a64        0x4 ./FATFS/App/fatfs.o
                0x0000000020000a64                SDPath
 .bss.FatFs     0x0000000020000a68        0x4 ./Middlewares/Third_Party/FatFs/src/ff.o
 .bss.Fsid      0x0000000020000a6c        0x2 ./Middlewares/Third_Party/FatFs/src/ff.o
 *fill*         0x0000000020000a6e        0x2 
 .bss.Files     0x0000000020000a70       0x18 ./Middlewares/Third_Party/FatFs/src/ff.o
 .bss.disk      0x0000000020000a88        0xc ./Middlewares/Third_Party/FatFs/src/ff_gen_drv.o
                0x0000000020000a88                disk
 .bss.__malloc_free_list
                0x0000000020000a94        0x4 c:/st/stm32cubeide_1.9.0/stm32cubeide/plugins/com.st.stm32cube.ide.mcu.externaltools.gnu-tools-for-stm32.10.3-2021.10.win32_1.0.0.202111181127/tools/bin/../lib/gcc/arm-none-eabi/10.3.1/../../../../arm-none-eabi/lib/thumb/v7-m/nofp\libc_nano.a(lib_a-nano-mallocr.o)
                0x0000000020000a94                __malloc_free_list
 .bss.__malloc_sbrk_start
                0x0000000020000a98        0x4 c:/st/stm32cubeide_1.9.0/stm32cubeide/plugins/com.st.stm32cube.ide.mcu.externaltools.gnu-tools-for-stm32.10.3-2021.10.win32_1.0.0.202111181127/tools/bin/../lib/gcc/arm-none-eabi/10.3.1/../../../../arm-none-eabi/lib/thumb/v7-m/nofp\libc_nano.a(lib_a-nano-mallocr.o)
                0x0000000020000a98                __malloc_sbrk_start
 .bss.errno     0x0000000020000a9c        0x4 c:/st/stm32cubeide_1.9.0/stm32cubeide/plugins/com.st.stm32cube.ide.mcu.externaltools.gnu-tools-for-stm32.10.3-2021.10.win32_1.0.0.202111181127/tools/bin/../lib/gcc/arm-none-eabi/10.3.1/../../../../arm-none-eabi/lib/thumb/v7-m/nofp\libc_nano.a(lib_a-reent.o)
                0x0000000020000a9c                errno
 .bss.__lock___malloc_recursive_mutex
                0x0000000020000aa0        0x1 c:/st/stm32cubeide_1.9.0/stm32cubeide/plugins/com.st.stm32cube.ide.mcu.externaltools.gnu-tools-for-stm32.10.3-2021.10.win32_1.0.0.202111181127/tools/bin/../lib/gcc/arm-none-eabi/10.3.1/../../../../arm-none-eabi/lib/thumb/v7-m/nofp\libc_nano.a(lib_a-lock.o)
                0x0000000020000aa0                __lock___malloc_recursive_mutex
 *(COMMON)
                0x0000000020000aa4                . = ALIGN (0x4)
 *fill*         0x0000000020000aa1        0x3 
                0x0000000020000aa4                _ebss = .
                0x0000000020000aa4                __bss_end__ = _ebss

._user_heap_stack
                0x0000000020000aa4      0x604 load address 0x00000000080081d8
                0x0000000020000aa8                . = ALIGN (0x8)
 *fill*         0x0000000020000aa4        0x4 
                [!provide]                        PROVIDE (end = .)
                0x0000000020000aa8                PROVIDE (_end = .)
                0x0000000020000ca8                . = (. + _Min_Heap_Size)
 *fill*         0x0000000020000aa8      0x200 
                0x00000000200010a8                . = (. + _Min_Stack_Size)
 *fill*         0x0000000020000ca8      0x400 
                0x00000000200010a8                . = ALIGN (0x8)

/DISCARD/
 libc.a(*)
 libm.a(*)
 libgcc.a(*)

.ARM.attributes
                0x0000000000000000       0x29
 *(.ARM.attributes)
 .ARM.attributes
                0x0000000000000000       0x1d c:/st/stm32cubeide_1.9.0/stm32cubeide/plugins/com.st.stm32cube.ide.mcu.externaltools.gnu-tools-for-stm32.10.3-2021.10.win32_1.0.0.202111181127/tools/bin/../lib/gcc/arm-none-eabi/10.3.1/thumb/v7-m/nofp/crti.o
 .ARM.attributes
                0x000000000000001d       0x2d c:/st/stm32cubeide_1.9.0/stm32cubeide/plugins/com.st.stm32cube.ide.mcu.externaltools.gnu-tools-for-stm32.10.3-2021.10.win32_1.0.0.202111181127/tools/bin/../lib/gcc/arm-none-eabi/10.3.1/thumb/v7-m/nofp/crtbegin.o
 .ARM.attributes
                0x000000000000004a       0x2d ./Core/Src/dac.o
 .ARM.attributes
                0x0000000000000077       0x2d ./Core/Src/fsmc.o
 .ARM.attributes
                0x00000000000000a4       0x2d ./Core/Src/gpio.o
 .ARM.attributes
                0x00000000000000d1       0x2d ./Core/Src/lcd.o
 .ARM.attributes
                0x00000000000000fe       0x2d ./Core/Src/main.o
 .ARM.attributes
                0x000000000000012b       0x2d ./Core/Src/sdio.o
 .ARM.attributes
                0x0000000000000158       0x2d ./Core/Src/stm32f1xx_hal_msp.o
 .ARM.attributes
                0x0000000000000185       0x2d ./Core/Src/stm32f1xx_it.o
 .ARM.attributes
                0x00000000000001b2       0x2d ./Core/Src/sysmem.o
 .ARM.attributes
                0x00000000000001df       0x2d ./Core/Src/system_stm32f1xx.o
 .ARM.attributes
                0x000000000000020c       0x2d ./Core/Src/tim.o
 .ARM.attributes
                0x0000000000000239       0x21 ./Core/Startup/startup_stm32f103vetx.o
 .ARM.attributes
                0x000000000000025a       0x2d ./Drivers/STM32F1xx_HAL_Driver/Src/stm32f1xx_hal.o
 .ARM.attributes
                0x0000000000000287       0x2d ./Drivers/STM32F1xx_HAL_Driver/Src/stm32f1xx_hal_cortex.o
 .ARM.attributes
                0x00000000000002b4       0x2d ./Drivers/STM32F1xx_HAL_Driver/Src/stm32f1xx_hal_dac.o
 .ARM.attributes
                0x00000000000002e1       0x2d ./Drivers/STM32F1xx_HAL_Driver/Src/stm32f1xx_hal_gpio.o
 .ARM.attributes
                0x000000000000030e       0x2d ./Drivers/STM32F1xx_HAL_Driver/Src/stm32f1xx_hal_rcc.o
 .ARM.attributes
                0x000000000000033b       0x2d ./Drivers/STM32F1xx_HAL_Driver/Src/stm32f1xx_hal_sd.o
 .ARM.attributes
                0x0000000000000368       0x2d ./Drivers/STM32F1xx_HAL_Driver/Src/stm32f1xx_hal_sram.o
 .ARM.attributes
                0x0000000000000395       0x2d ./Drivers/STM32F1xx_HAL_Driver/Src/stm32f1xx_hal_tim.o
 .ARM.attributes
                0x00000000000003c2       0x2d ./Drivers/STM32F1xx_HAL_Driver/Src/stm32f1xx_hal_tim_ex.o
 .ARM.attributes
                0x00000000000003ef       0x2d ./Drivers/STM32F1xx_HAL_Driver/Src/stm32f1xx_ll_fsmc.o
 .ARM.attributes
                0x000000000000041c       0x2d ./Drivers/STM32F1xx_HAL_Driver/Src/stm32f1xx_ll_sdmmc.o
 .ARM.attributes
                0x0000000000000449       0x2d ./FATFS/App/fatfs.o
 .ARM.attributes
                0x0000000000000476       0x2d ./FATFS/Target/bsp_driver_sd.o
 .ARM.attributes
                0x00000000000004a3       0x2d ./Middlewares/Third_Party/FatFs/src/diskio.o
 .ARM.attributes
                0x00000000000004d0       0x2d ./Middlewares/Third_Party/FatFs/src/ff.o
 .ARM.attributes
                0x00000000000004fd       0x2d ./Middlewares/Third_Party/FatFs/src/ff_gen_drv.o
 .ARM.attributes
                0x000000000000052a       0x2d ./Middlewares/Third_Party/FatFs/src/drivers/sd_diskio.o
 .ARM.attributes
                0x0000000000000557       0x2d c:/st/stm32cubeide_1.9.0/stm32cubeide/plugins/com.st.stm32cube.ide.mcu.externaltools.gnu-tools-for-stm32.10.3-2021.10.win32_1.0.0.202111181127/tools/bin/../lib/gcc/arm-none-eabi/10.3.1/../../../../arm-none-eabi/lib/thumb/v7-m/nofp\libc_nano.a(lib_a-errno.o)
 .ARM.attributes
                0x0000000000000584       0x2d c:/st/stm32cubeide_1.9.0/stm32cubeide/plugins/com.st.stm32cube.ide.mcu.externaltools.gnu-tools-for-stm32.10.3-2021.10.win32_1.0.0.202111181127/tools/bin/../lib/gcc/arm-none-eabi/10.3.1/../../../../arm-none-eabi/lib/thumb/v7-m/nofp\libc_nano.a(lib_a-impure.o)
 .ARM.attributes
                0x00000000000005b1       0x2d c:/st/stm32cubeide_1.9.0/stm32cubeide/plugins/com.st.stm32cube.ide.mcu.externaltools.gnu-tools-for-stm32.10.3-2021.10.win32_1.0.0.202111181127/tools/bin/../lib/gcc/arm-none-eabi/10.3.1/../../../../arm-none-eabi/lib/thumb/v7-m/nofp\libc_nano.a(lib_a-init.o)
 .ARM.attributes
                0x00000000000005de       0x2d c:/st/stm32cubeide_1.9.0/stm32cubeide/plugins/com.st.stm32cube.ide.mcu.externaltools.gnu-tools-for-stm32.10.3-2021.10.win32_1.0.0.202111181127/tools/bin/../lib/gcc/arm-none-eabi/10.3.1/../../../../arm-none-eabi/lib/thumb/v7-m/nofp\libc_nano.a(lib_a-memset.o)
 .ARM.attributes
                0x000000000000060b       0x2d c:/st/stm32cubeide_1.9.0/stm32cubeide/plugins/com.st.stm32cube.ide.mcu.externaltools.gnu-tools-for-stm32.10.3-2021.10.win32_1.0.0.202111181127/tools/bin/../lib/gcc/arm-none-eabi/10.3.1/../../../../arm-none-eabi/lib/thumb/v7-m/nofp\libc_nano.a(lib_a-sprintf.o)
 .ARM.attributes
                0x0000000000000638       0x2d c:/st/stm32cubeide_1.9.0/stm32cubeide/plugins/com.st.stm32cube.ide.mcu.externaltools.gnu-tools-for-stm32.10.3-2021.10.win32_1.0.0.202111181127/tools/bin/../lib/gcc/arm-none-eabi/10.3.1/../../../../arm-none-eabi/lib/thumb/v7-m/nofp\libc_nano.a(lib_a-nano-svfprintf.o)
 .ARM.attributes
                0x0000000000000665       0x2d c:/st/stm32cubeide_1.9.0/stm32cubeide/plugins/com.st.stm32cube.ide.mcu.externaltools.gnu-tools-for-stm32.10.3-2021.10.win32_1.0.0.202111181127/tools/bin/../lib/gcc/arm-none-eabi/10.3.1/../../../../arm-none-eabi/lib/thumb/v7-m/nofp\libc_nano.a(lib_a-nano-vfprintf_i.o)
 .ARM.attributes
                0x0000000000000692       0x2d c:/st/stm32cubeide_1.9.0/stm32cubeide/plugins/com.st.stm32cube.ide.mcu.externaltools.gnu-tools-for-stm32.10.3-2021.10.win32_1.0.0.202111181127/tools/bin/../lib/gcc/arm-none-eabi/10.3.1/../../../../arm-none-eabi/lib/thumb/v7-m/nofp\libc_nano.a(lib_a-memchr-stub.o)
 .ARM.attributes
                0x00000000000006bf       0x2d c:/st/stm32cubeide_1.9.0/stm32cubeide/plugins/com.st.stm32cube.ide.mcu.externaltools.gnu-tools-for-stm32.10.3-2021.10.win32_1.0.0.202111181127/tools/bin/../lib/gcc/arm-none-eabi/10.3.1/../../../../arm-none-eabi/lib/thumb/v7-m/nofp\libc_nano.a(lib_a-memcpy-stub.o)
 .ARM.attributes
                0x00000000000006ec       0x2d c:/st/stm32cubeide_1.9.0/stm32cubeide/plugins/com.st.stm32cube.ide.mcu.externaltools.gnu-tools-for-stm32.10.3-2021.10.win32_1.0.0.202111181127/tools/bin/../lib/gcc/arm-none-eabi/10.3.1/../../../../arm-none-eabi/lib/thumb/v7-m/nofp\libc_nano.a(lib_a-memmove.o)
 .ARM.attributes
                0x0000000000000719       0x2d c:/st/stm32cubeide_1.9.0/stm32cubeide/plugins/com.st.stm32cube.ide.mcu.externaltools.gnu-tools-for-stm32.10.3-2021.10.win32_1.0.0.202111181127/tools/bin/../lib/gcc/arm-none-eabi/10.3.1/../../../../arm-none-eabi/lib/thumb/v7-m/nofp\libc_nano.a(lib_a-nano-freer.o)
 .ARM.attributes
                0x0000000000000746       0x2d c:/st/stm32cubeide_1.9.0/stm32cubeide/plugins/com.st.stm32cube.ide.mcu.externaltools.gnu-tools-for-stm32.10.3-2021.10.win32_1.0.0.202111181127/tools/bin/../lib/gcc/arm-none-eabi/10.3.1/../../../../arm-none-eabi/lib/thumb/v7-m/nofp\libc_nano.a(lib_a-nano-mallocr.o)
 .ARM.attributes
                0x0000000000000773       0x2d c:/st/stm32cubeide_1.9.0/stm32cubeide/plugins/com.st.stm32cube.ide.mcu.externaltools.gnu-tools-for-stm32.10.3-2021.10.win32_1.0.0.202111181127/tools/bin/../lib/gcc/arm-none-eabi/10.3.1/../../../../arm-none-eabi/lib/thumb/v7-m/nofp\libc_nano.a(lib_a-nano-reallocr.o)
 .ARM.attributes
                0x00000000000007a0       0x2d c:/st/stm32cubeide_1.9.0/stm32cubeide/plugins/com.st.stm32cube.ide.mcu.externaltools.gnu-tools-for-stm32.10.3-2021.10.win32_1.0.0.202111181127/tools/bin/../lib/gcc/arm-none-eabi/10.3.1/../../../../arm-none-eabi/lib/thumb/v7-m/nofp\libc_nano.a(lib_a-sbrkr.o)
 .ARM.attributes
                0x00000000000007cd       0x2d c:/st/stm32cubeide_1.9.0/stm32cubeide/plugins/com.st.stm32cube.ide.mcu.externaltools.gnu-tools-for-stm32.10.3-2021.10.win32_1.0.0.202111181127/tools/bin/../lib/gcc/arm-none-eabi/10.3.1/../../../../arm-none-eabi/lib/thumb/v7-m/nofp\libc_nano.a(lib_a-mlock.o)
 .ARM.attributes
                0x00000000000007fa       0x2d c:/st/stm32cubeide_1.9.0/stm32cubeide/plugins/com.st.stm32cube.ide.mcu.externaltools.gnu-tools-for-stm32.10.3-2021.10.win32_1.0.0.202111181127/tools/bin/../lib/gcc/arm-none-eabi/10.3.1/../../../../arm-none-eabi/lib/thumb/v7-m/nofp\libc_nano.a(lib_a-nano-msizer.o)
 .ARM.attributes
                0x0000000000000827       0x2d c:/st/stm32cubeide_1.9.0/stm32cubeide/plugins/com.st.stm32cube.ide.mcu.externaltools.gnu-tools-for-stm32.10.3-2021.10.win32_1.0.0.202111181127/tools/bin/../lib/gcc/arm-none-eabi/10.3.1/../../../../arm-none-eabi/lib/thumb/v7-m/nofp\libc_nano.a(lib_a-reent.o)
 .ARM.attributes
                0x0000000000000854       0x2d c:/st/stm32cubeide_1.9.0/stm32cubeide/plugins/com.st.stm32cube.ide.mcu.externaltools.gnu-tools-for-stm32.10.3-2021.10.win32_1.0.0.202111181127/tools/bin/../lib/gcc/arm-none-eabi/10.3.1/../../../../arm-none-eabi/lib/thumb/v7-m/nofp\libc_nano.a(lib_a-lock.o)
 .ARM.attributes
                0x0000000000000881       0x1d c:/st/stm32cubeide_1.9.0/stm32cubeide/plugins/com.st.stm32cube.ide.mcu.externaltools.gnu-tools-for-stm32.10.3-2021.10.win32_1.0.0.202111181127/tools/bin/../lib/gcc/arm-none-eabi/10.3.1/thumb/v7-m/nofp/crtn.o
OUTPUT(elec3300_project.elf elf32-littlearm)
LOAD linker stubs
LOAD c:/st/stm32cubeide_1.9.0/stm32cubeide/plugins/com.st.stm32cube.ide.mcu.externaltools.gnu-tools-for-stm32.10.3-2021.10.win32_1.0.0.202111181127/tools/bin/../lib/gcc/arm-none-eabi/10.3.1/../../../../arm-none-eabi/lib/thumb/v7-m/nofp\libc.a
LOAD c:/st/stm32cubeide_1.9.0/stm32cubeide/plugins/com.st.stm32cube.ide.mcu.externaltools.gnu-tools-for-stm32.10.3-2021.10.win32_1.0.0.202111181127/tools/bin/../lib/gcc/arm-none-eabi/10.3.1/../../../../arm-none-eabi/lib/thumb/v7-m/nofp\libm.a
LOAD c:/st/stm32cubeide_1.9.0/stm32cubeide/plugins/com.st.stm32cube.ide.mcu.externaltools.gnu-tools-for-stm32.10.3-2021.10.win32_1.0.0.202111181127/tools/bin/../lib/gcc/arm-none-eabi/10.3.1/thumb/v7-m/nofp\libgcc.a

.debug_info     0x0000000000000000    0x1399c
 .debug_info    0x0000000000000000      0x778 ./Core/Src/dac.o
 .debug_info    0x0000000000000778      0x8bc ./Core/Src/fsmc.o
 .debug_info    0x0000000000001034      0x30b ./Core/Src/gpio.o
 .debug_info    0x000000000000133f      0x704 ./Core/Src/lcd.o
 .debug_info    0x0000000000001a43     0x129e ./Core/Src/main.o
 .debug_info    0x0000000000002ce1      0x8f6 ./Core/Src/sdio.o
 .debug_info    0x00000000000035d7      0x210 ./Core/Src/stm32f1xx_hal_msp.o
 .debug_info    0x00000000000037e7      0x122 ./Core/Src/stm32f1xx_it.o
 .debug_info    0x0000000000003909      0x171 ./Core/Src/sysmem.o
 .debug_info    0x0000000000003a7a      0x23d ./Core/Src/system_stm32f1xx.o
 .debug_info    0x0000000000003cb7      0x7ff ./Core/Src/tim.o
 .debug_info    0x00000000000044b6       0x22 ./Core/Startup/startup_stm32f103vetx.o
 .debug_info    0x00000000000044d8      0x79a ./Drivers/STM32F1xx_HAL_Driver/Src/stm32f1xx_hal.o
 .debug_info    0x0000000000004c72      0xb86 ./Drivers/STM32F1xx_HAL_Driver/Src/stm32f1xx_hal_cortex.o
 .debug_info    0x00000000000057f8      0xa1c ./Drivers/STM32F1xx_HAL_Driver/Src/stm32f1xx_hal_dac.o
 .debug_info    0x0000000000006214      0x615 ./Drivers/STM32F1xx_HAL_Driver/Src/stm32f1xx_hal_gpio.o
 .debug_info    0x0000000000006829      0x865 ./Drivers/STM32F1xx_HAL_Driver/Src/stm32f1xx_hal_rcc.o
 .debug_info    0x000000000000708e     0x1cc7 ./Drivers/STM32F1xx_HAL_Driver/Src/stm32f1xx_hal_sd.o
 .debug_info    0x0000000000008d55      0xd7f ./Drivers/STM32F1xx_HAL_Driver/Src/stm32f1xx_hal_sram.o
 .debug_info    0x0000000000009ad4     0x2bcb ./Drivers/STM32F1xx_HAL_Driver/Src/stm32f1xx_hal_tim.o
 .debug_info    0x000000000000c69f     0x15c7 ./Drivers/STM32F1xx_HAL_Driver/Src/stm32f1xx_hal_tim_ex.o
 .debug_info    0x000000000000dc66      0xa2c ./Drivers/STM32F1xx_HAL_Driver/Src/stm32f1xx_ll_fsmc.o
 .debug_info    0x000000000000e692     0x11dd ./Drivers/STM32F1xx_HAL_Driver/Src/stm32f1xx_ll_sdmmc.o
 .debug_info    0x000000000000f86f      0x51e ./FATFS/App/fatfs.o
 .debug_info    0x000000000000fd8d      0xaef ./FATFS/Target/bsp_driver_sd.o
 .debug_info    0x000000000001087c      0x40d ./Middlewares/Third_Party/FatFs/src/diskio.o
 .debug_info    0x0000000000010c89     0x249a ./Middlewares/Third_Party/FatFs/src/ff.o
 .debug_info    0x0000000000013123      0x3a4 ./Middlewares/Third_Party/FatFs/src/ff_gen_drv.o
 .debug_info    0x00000000000134c7      0x4d5 ./Middlewares/Third_Party/FatFs/src/drivers/sd_diskio.o

.debug_abbrev   0x0000000000000000     0x349f
 .debug_abbrev  0x0000000000000000      0x1d5 ./Core/Src/dac.o
 .debug_abbrev  0x00000000000001d5      0x207 ./Core/Src/fsmc.o
 .debug_abbrev  0x00000000000003dc      0x134 ./Core/Src/gpio.o
 .debug_abbrev  0x0000000000000510      0x234 ./Core/Src/lcd.o
 .debug_abbrev  0x0000000000000744      0x333 ./Core/Src/main.o
 .debug_abbrev  0x0000000000000a77      0x1bd ./Core/Src/sdio.o
 .debug_abbrev  0x0000000000000c34       0xd4 ./Core/Src/stm32f1xx_hal_msp.o
 .debug_abbrev  0x0000000000000d08       0x74 ./Core/Src/stm32f1xx_it.o
 .debug_abbrev  0x0000000000000d7c       0xbb ./Core/Src/sysmem.o
 .debug_abbrev  0x0000000000000e37      0x13b ./Core/Src/system_stm32f1xx.o
 .debug_abbrev  0x0000000000000f72      0x1e0 ./Core/Src/tim.o
 .debug_abbrev  0x0000000000001152       0x12 ./Core/Startup/startup_stm32f103vetx.o
 .debug_abbrev  0x0000000000001164      0x1fb ./Drivers/STM32F1xx_HAL_Driver/Src/stm32f1xx_hal.o
 .debug_abbrev  0x000000000000135f      0x2ed ./Drivers/STM32F1xx_HAL_Driver/Src/stm32f1xx_hal_cortex.o
 .debug_abbrev  0x000000000000164c      0x1fb ./Drivers/STM32F1xx_HAL_Driver/Src/stm32f1xx_hal_dac.o
 .debug_abbrev  0x0000000000001847      0x1bb ./Drivers/STM32F1xx_HAL_Driver/Src/stm32f1xx_hal_gpio.o
 .debug_abbrev  0x0000000000001a02      0x2a8 ./Drivers/STM32F1xx_HAL_Driver/Src/stm32f1xx_hal_rcc.o
 .debug_abbrev  0x0000000000001caa      0x288 ./Drivers/STM32F1xx_HAL_Driver/Src/stm32f1xx_hal_sd.o
 .debug_abbrev  0x0000000000001f32      0x1e3 ./Drivers/STM32F1xx_HAL_Driver/Src/stm32f1xx_hal_sram.o
 .debug_abbrev  0x0000000000002115      0x264 ./Drivers/STM32F1xx_HAL_Driver/Src/stm32f1xx_hal_tim.o
 .debug_abbrev  0x0000000000002379      0x26c ./Drivers/STM32F1xx_HAL_Driver/Src/stm32f1xx_hal_tim_ex.o
 .debug_abbrev  0x00000000000025e5      0x19d ./Drivers/STM32F1xx_HAL_Driver/Src/stm32f1xx_ll_fsmc.o
 .debug_abbrev  0x0000000000002782      0x1ce ./Drivers/STM32F1xx_HAL_Driver/Src/stm32f1xx_ll_sdmmc.o
 .debug_abbrev  0x0000000000002950      0x19a ./FATFS/App/fatfs.o
 .debug_abbrev  0x0000000000002aea      0x268 ./FATFS/Target/bsp_driver_sd.o
 .debug_abbrev  0x0000000000002d52      0x178 ./Middlewares/Third_Party/FatFs/src/diskio.o
 .debug_abbrev  0x0000000000002eca      0x2c5 ./Middlewares/Third_Party/FatFs/src/ff.o
 .debug_abbrev  0x000000000000318f      0x196 ./Middlewares/Third_Party/FatFs/src/ff_gen_drv.o
 .debug_abbrev  0x0000000000003325      0x17a ./Middlewares/Third_Party/FatFs/src/drivers/sd_diskio.o

.debug_aranges  0x0000000000000000     0x1388
 .debug_aranges
                0x0000000000000000       0x30 ./Core/Src/dac.o
 .debug_aranges
                0x0000000000000030       0x40 ./Core/Src/fsmc.o
 .debug_aranges
                0x0000000000000070       0x20 ./Core/Src/gpio.o
 .debug_aranges
                0x0000000000000090       0xa8 ./Core/Src/lcd.o
 .debug_aranges
                0x0000000000000138       0x58 ./Core/Src/main.o
 .debug_aranges
                0x0000000000000190       0x30 ./Core/Src/sdio.o
 .debug_aranges
                0x00000000000001c0       0x20 ./Core/Src/stm32f1xx_hal_msp.o
 .debug_aranges
                0x00000000000001e0       0x60 ./Core/Src/stm32f1xx_it.o
 .debug_aranges
                0x0000000000000240       0x20 ./Core/Src/sysmem.o
 .debug_aranges
                0x0000000000000260       0x28 ./Core/Src/system_stm32f1xx.o
 .debug_aranges
                0x0000000000000288       0x30 ./Core/Src/tim.o
 .debug_aranges
                0x00000000000002b8       0x28 ./Core/Startup/startup_stm32f103vetx.o
 .debug_aranges
                0x00000000000002e0       0xe0 ./Drivers/STM32F1xx_HAL_Driver/Src/stm32f1xx_hal.o
 .debug_aranges
                0x00000000000003c0      0x100 ./Drivers/STM32F1xx_HAL_Driver/Src/stm32f1xx_hal_cortex.o
 .debug_aranges
                0x00000000000004c0       0xc0 ./Drivers/STM32F1xx_HAL_Driver/Src/stm32f1xx_hal_dac.o
 .debug_aranges
                0x0000000000000580       0x58 ./Drivers/STM32F1xx_HAL_Driver/Src/stm32f1xx_hal_gpio.o
 .debug_aranges
                0x00000000000005d8       0x90 ./Drivers/STM32F1xx_HAL_Driver/Src/stm32f1xx_hal_rcc.o
 .debug_aranges
                0x0000000000000668      0x168 ./Drivers/STM32F1xx_HAL_Driver/Src/stm32f1xx_hal_sd.o
 .debug_aranges
                0x00000000000007d0       0xb8 ./Drivers/STM32F1xx_HAL_Driver/Src/stm32f1xx_hal_sram.o
 .debug_aranges
                0x0000000000000888      0x3d0 ./Drivers/STM32F1xx_HAL_Driver/Src/stm32f1xx_hal_tim.o
 .debug_aranges
                0x0000000000000c58      0x168 ./Drivers/STM32F1xx_HAL_Driver/Src/stm32f1xx_hal_tim_ex.o
 .debug_aranges
                0x0000000000000dc0       0xa8 ./Drivers/STM32F1xx_HAL_Driver/Src/stm32f1xx_ll_fsmc.o
 .debug_aranges
                0x0000000000000e68      0x188 ./Drivers/STM32F1xx_HAL_Driver/Src/stm32f1xx_ll_sdmmc.o
 .debug_aranges
                0x0000000000000ff0       0x28 ./FATFS/App/fatfs.o
 .debug_aranges
                0x0000000000001018       0xa0 ./FATFS/Target/bsp_driver_sd.o
 .debug_aranges
                0x00000000000010b8       0x48 ./Middlewares/Third_Party/FatFs/src/diskio.o
 .debug_aranges
                0x0000000000001100      0x208 ./Middlewares/Third_Party/FatFs/src/ff.o
 .debug_aranges
                0x0000000000001308       0x40 ./Middlewares/Third_Party/FatFs/src/ff_gen_drv.o
 .debug_aranges
                0x0000000000001348       0x40 ./Middlewares/Third_Party/FatFs/src/drivers/sd_diskio.o

.debug_ranges   0x0000000000000000     0x11c0
 .debug_ranges  0x0000000000000000       0x20 ./Core/Src/dac.o
 .debug_ranges  0x0000000000000020       0x30 ./Core/Src/fsmc.o
 .debug_ranges  0x0000000000000050       0x10 ./Core/Src/gpio.o
 .debug_ranges  0x0000000000000060       0x98 ./Core/Src/lcd.o
 .debug_ranges  0x00000000000000f8       0x48 ./Core/Src/main.o
 .debug_ranges  0x0000000000000140       0x20 ./Core/Src/sdio.o
 .debug_ranges  0x0000000000000160       0x10 ./Core/Src/stm32f1xx_hal_msp.o
 .debug_ranges  0x0000000000000170       0x50 ./Core/Src/stm32f1xx_it.o
 .debug_ranges  0x00000000000001c0       0x10 ./Core/Src/sysmem.o
 .debug_ranges  0x00000000000001d0       0x18 ./Core/Src/system_stm32f1xx.o
 .debug_ranges  0x00000000000001e8       0x20 ./Core/Src/tim.o
 .debug_ranges  0x0000000000000208       0x20 ./Core/Startup/startup_stm32f103vetx.o
 .debug_ranges  0x0000000000000228       0xd0 ./Drivers/STM32F1xx_HAL_Driver/Src/stm32f1xx_hal.o
 .debug_ranges  0x00000000000002f8       0xf0 ./Drivers/STM32F1xx_HAL_Driver/Src/stm32f1xx_hal_cortex.o
 .debug_ranges  0x00000000000003e8       0xb0 ./Drivers/STM32F1xx_HAL_Driver/Src/stm32f1xx_hal_dac.o
 .debug_ranges  0x0000000000000498       0x48 ./Drivers/STM32F1xx_HAL_Driver/Src/stm32f1xx_hal_gpio.o
 .debug_ranges  0x00000000000004e0       0x80 ./Drivers/STM32F1xx_HAL_Driver/Src/stm32f1xx_hal_rcc.o
 .debug_ranges  0x0000000000000560      0x158 ./Drivers/STM32F1xx_HAL_Driver/Src/stm32f1xx_hal_sd.o
 .debug_ranges  0x00000000000006b8       0xa8 ./Drivers/STM32F1xx_HAL_Driver/Src/stm32f1xx_hal_sram.o
 .debug_ranges  0x0000000000000760      0x3c0 ./Drivers/STM32F1xx_HAL_Driver/Src/stm32f1xx_hal_tim.o
 .debug_ranges  0x0000000000000b20      0x158 ./Drivers/STM32F1xx_HAL_Driver/Src/stm32f1xx_hal_tim_ex.o
 .debug_ranges  0x0000000000000c78       0x98 ./Drivers/STM32F1xx_HAL_Driver/Src/stm32f1xx_ll_fsmc.o
 .debug_ranges  0x0000000000000d10      0x178 ./Drivers/STM32F1xx_HAL_Driver/Src/stm32f1xx_ll_sdmmc.o
 .debug_ranges  0x0000000000000e88       0x18 ./FATFS/App/fatfs.o
 .debug_ranges  0x0000000000000ea0       0x90 ./FATFS/Target/bsp_driver_sd.o
 .debug_ranges  0x0000000000000f30       0x38 ./Middlewares/Third_Party/FatFs/src/diskio.o
 .debug_ranges  0x0000000000000f68      0x1f8 ./Middlewares/Third_Party/FatFs/src/ff.o
 .debug_ranges  0x0000000000001160       0x30 ./Middlewares/Third_Party/FatFs/src/ff_gen_drv.o
 .debug_ranges  0x0000000000001190       0x30 ./Middlewares/Third_Party/FatFs/src/drivers/sd_diskio.o

.debug_macro    0x0000000000000000    0x1d5de
 .debug_macro   0x0000000000000000      0x1f4 ./Core/Src/dac.o
 .debug_macro   0x00000000000001f4      0xa6c ./Core/Src/dac.o
 .debug_macro   0x0000000000000c60      0x227 ./Core/Src/dac.o
 .debug_macro   0x0000000000000e87       0x2e ./Core/Src/dac.o
 .debug_macro   0x0000000000000eb5       0x22 ./Core/Src/dac.o
 .debug_macro   0x0000000000000ed7       0x22 ./Core/Src/dac.o
 .debug_macro   0x0000000000000ef9       0x8e ./Core/Src/dac.o
 .debug_macro   0x0000000000000f87       0x51 ./Core/Src/dac.o
 .debug_macro   0x0000000000000fd8      0x103 ./Core/Src/dac.o
 .debug_macro   0x00000000000010db       0x6a ./Core/Src/dac.o
 .debug_macro   0x0000000000001145      0x1df ./Core/Src/dac.o
 .debug_macro   0x0000000000001324       0x1c ./Core/Src/dac.o
 .debug_macro   0x0000000000001340       0x22 ./Core/Src/dac.o
 .debug_macro   0x0000000000001362       0xbd ./Core/Src/dac.o
 .debug_macro   0x000000000000141f      0xd23 ./Core/Src/dac.o
 .debug_macro   0x0000000000002142     0xfd8c ./Core/Src/dac.o
 .debug_macro   0x0000000000011ece       0x6d ./Core/Src/dac.o
 .debug_macro   0x0000000000011f3b     0x34a2 ./Core/Src/dac.o
 .debug_macro   0x00000000000153dd      0x174 ./Core/Src/dac.o
 .debug_macro   0x0000000000015551       0x5c ./Core/Src/dac.o
 .debug_macro   0x00000000000155ad      0x5bc ./Core/Src/dac.o
 .debug_macro   0x0000000000015b69      0x4d5 ./Core/Src/dac.o
 .debug_macro   0x000000000001603e      0x1cb ./Core/Src/dac.o
 .debug_macro   0x0000000000016209      0x114 ./Core/Src/dac.o
 .debug_macro   0x000000000001631d      0x1ea ./Core/Src/dac.o
 .debug_macro   0x0000000000016507       0x27 ./Core/Src/dac.o
 .debug_macro   0x000000000001652e      0x144 ./Core/Src/dac.o
 .debug_macro   0x0000000000016672      0x1bc ./Core/Src/dac.o
 .debug_macro   0x000000000001682e       0x30 ./Core/Src/dac.o
 .debug_macro   0x000000000001685e       0x3c ./Core/Src/dac.o
 .debug_macro   0x000000000001689a       0x57 ./Core/Src/dac.o
 .debug_macro   0x00000000000168f1       0xe3 ./Core/Src/dac.o
 .debug_macro   0x00000000000169d4       0xde ./Core/Src/dac.o
 .debug_macro   0x0000000000016ab2       0x87 ./Core/Src/dac.o
 .debug_macro   0x0000000000016b39      0x24f ./Core/Src/dac.o
 .debug_macro   0x0000000000016d88      0x356 ./Core/Src/dac.o
 .debug_macro   0x00000000000170de      0x140 ./Core/Src/dac.o
 .debug_macro   0x000000000001721e      0x868 ./Core/Src/dac.o
 .debug_macro   0x0000000000017a86      0x1d5 ./Core/Src/dac.o
 .debug_macro   0x0000000000017c5b      0x8ed ./Core/Src/dac.o
 .debug_macro   0x0000000000018548       0xb5 ./Core/Src/dac.o
 .debug_macro   0x00000000000185fd      0x1f4 ./Core/Src/fsmc.o
 .debug_macro   0x00000000000187f1      0x1f4 ./Core/Src/gpio.o
 .debug_macro   0x00000000000189e5      0x1f9 ./Core/Src/lcd.o
 .debug_macro   0x0000000000018bde       0xd0 ./Core/Src/lcd.o
 .debug_macro   0x0000000000018cae      0x436 ./Core/Src/main.o
 .debug_macro   0x00000000000190e4       0x3a ./Core/Src/main.o
 .debug_macro   0x000000000001911e       0xd8 ./Core/Src/main.o
 .debug_macro   0x00000000000191f6       0xf5 ./Core/Src/main.o
 .debug_macro   0x00000000000192eb       0x8e ./Core/Src/main.o
 .debug_macro   0x0000000000019379       0xd6 ./Core/Src/main.o
 .debug_macro   0x000000000001944f       0x52 ./Core/Src/main.o
 .debug_macro   0x00000000000194a1       0x18 ./Core/Src/main.o
 .debug_macro   0x00000000000194b9       0x3c ./Core/Src/main.o
 .debug_macro   0x00000000000194f5       0x34 ./Core/Src/main.o
 .debug_macro   0x0000000000019529       0x16 ./Core/Src/main.o
 .debug_macro   0x000000000001953f       0x35 ./Core/Src/main.o
 .debug_macro   0x0000000000019574      0x341 ./Core/Src/main.o
 .debug_macro   0x00000000000198b5       0x10 ./Core/Src/main.o
 .debug_macro   0x00000000000198c5       0x16 ./Core/Src/main.o
 .debug_macro   0x00000000000198db       0x43 ./Core/Src/main.o
 .debug_macro   0x000000000001991e       0x34 ./Core/Src/main.o
 .debug_macro   0x0000000000019952       0x10 ./Core/Src/main.o
 .debug_macro   0x0000000000019962       0x58 ./Core/Src/main.o
 .debug_macro   0x00000000000199ba       0x71 ./Core/Src/main.o
 .debug_macro   0x0000000000019a2b       0x1c ./Core/Src/main.o
 .debug_macro   0x0000000000019a47      0x12a ./Core/Src/main.o
 .debug_macro   0x0000000000019b71       0x10 ./Core/Src/main.o
 .debug_macro   0x0000000000019b81       0x1c ./Core/Src/main.o
 .debug_macro   0x0000000000019b9d       0x52 ./Core/Src/main.o
 .debug_macro   0x0000000000019bef       0x22 ./Core/Src/main.o
 .debug_macro   0x0000000000019c11       0x10 ./Core/Src/main.o
 .debug_macro   0x0000000000019c21       0x52 ./Core/Src/main.o
 .debug_macro   0x0000000000019c73       0xd5 ./Core/Src/main.o
 .debug_macro   0x0000000000019d48       0x1c ./Core/Src/main.o
 .debug_macro   0x0000000000019d64       0x3d ./Core/Src/main.o
 .debug_macro   0x0000000000019da1       0x16 ./Core/Src/main.o
 .debug_macro   0x0000000000019db7      0x145 ./Core/Src/main.o
 .debug_macro   0x0000000000019efc       0x16 ./Core/Src/main.o
 .debug_macro   0x0000000000019f12       0x20 ./Core/Src/main.o
 .debug_macro   0x0000000000019f32      0x11f ./Core/Src/main.o
 .debug_macro   0x000000000001a051      0x19b ./Core/Src/main.o
 .debug_macro   0x000000000001a1ec      0x1f4 ./Core/Src/sdio.o
 .debug_macro   0x000000000001a3e0      0x1ea ./Core/Src/stm32f1xx_hal_msp.o
 .debug_macro   0x000000000001a5ca      0x1f4 ./Core/Src/stm32f1xx_it.o
 .debug_macro   0x000000000001a7be       0xff ./Core/Src/sysmem.o
 .debug_macro   0x000000000001a8bd      0x23b ./Core/Src/sysmem.o
 .debug_macro   0x000000000001aaf8      0x1e0 ./Core/Src/system_stm32f1xx.o
 .debug_macro   0x000000000001acd8      0x1f4 ./Core/Src/tim.o
 .debug_macro   0x000000000001aecc      0x204 ./Drivers/STM32F1xx_HAL_Driver/Src/stm32f1xx_hal.o
 .debug_macro   0x000000000001b0d0      0x1e0 ./Drivers/STM32F1xx_HAL_Driver/Src/stm32f1xx_hal_cortex.o
 .debug_macro   0x000000000001b2b0      0x1e1 ./Drivers/STM32F1xx_HAL_Driver/Src/stm32f1xx_hal_dac.o
 .debug_macro   0x000000000001b491      0x24b ./Drivers/STM32F1xx_HAL_Driver/Src/stm32f1xx_hal_gpio.o
 .debug_macro   0x000000000001b6dc      0x1f2 ./Drivers/STM32F1xx_HAL_Driver/Src/stm32f1xx_hal_rcc.o
 .debug_macro   0x000000000001b8ce      0x1e1 ./Drivers/STM32F1xx_HAL_Driver/Src/stm32f1xx_hal_sd.o
 .debug_macro   0x000000000001baaf      0x1e0 ./Drivers/STM32F1xx_HAL_Driver/Src/stm32f1xx_hal_sram.o
 .debug_macro   0x000000000001bc8f      0x1e1 ./Drivers/STM32F1xx_HAL_Driver/Src/stm32f1xx_hal_tim.o
 .debug_macro   0x000000000001be70      0x1e0 ./Drivers/STM32F1xx_HAL_Driver/Src/stm32f1xx_hal_tim_ex.o
 .debug_macro   0x000000000001c050      0x219 ./Drivers/STM32F1xx_HAL_Driver/Src/stm32f1xx_ll_fsmc.o
 .debug_macro   0x000000000001c269      0x1e1 ./Drivers/STM32F1xx_HAL_Driver/Src/stm32f1xx_ll_sdmmc.o
 .debug_macro   0x000000000001c44a      0x246 ./FATFS/App/fatfs.o
 .debug_macro   0x000000000001c690      0x1ef ./FATFS/Target/bsp_driver_sd.o
 .debug_macro   0x000000000001c87f       0x34 ./FATFS/Target/bsp_driver_sd.o
 .debug_macro   0x000000000001c8b3      0x233 ./Middlewares/Third_Party/FatFs/src/diskio.o
 .debug_macro   0x000000000001cae6       0x16 ./Middlewares/Third_Party/FatFs/src/diskio.o
 .debug_macro   0x000000000001cafc       0x7c ./Middlewares/Third_Party/FatFs/src/diskio.o
 .debug_macro   0x000000000001cb78      0x47a ./Middlewares/Third_Party/FatFs/src/ff.o
 .debug_macro   0x000000000001cff2       0x58 ./Middlewares/Third_Party/FatFs/src/ff.o
 .debug_macro   0x000000000001d04a      0x233 ./Middlewares/Third_Party/FatFs/src/ff_gen_drv.o
 .debug_macro   0x000000000001d27d      0x2fb ./Middlewares/Third_Party/FatFs/src/drivers/sd_diskio.o
 .debug_macro   0x000000000001d578       0x10 ./Middlewares/Third_Party/FatFs/src/drivers/sd_diskio.o
 .debug_macro   0x000000000001d588       0x56 ./Middlewares/Third_Party/FatFs/src/drivers/sd_diskio.o

.debug_line     0x0000000000000000    0x17ddf
 .debug_line    0x0000000000000000      0x73e ./Core/Src/dac.o
 .debug_line    0x000000000000073e      0x7c8 ./Core/Src/fsmc.o
 .debug_line    0x0000000000000f06      0x701 ./Core/Src/gpio.o
 .debug_line    0x0000000000001607      0xa4f ./Core/Src/lcd.o
 .debug_line    0x0000000000002056      0xc05 ./Core/Src/main.o
 .debug_line    0x0000000000002c5b      0x74a ./Core/Src/sdio.o
 .debug_line    0x00000000000033a5      0x6e4 ./Core/Src/stm32f1xx_hal_msp.o
 .debug_line    0x0000000000003a89      0x7a6 ./Core/Src/stm32f1xx_it.o
 .debug_line    0x000000000000422f      0x4e5 ./Core/Src/sysmem.o
 .debug_line    0x0000000000004714      0x762 ./Core/Src/system_stm32f1xx.o
 .debug_line    0x0000000000004e76      0x73b ./Core/Src/tim.o
 .debug_line    0x00000000000055b1       0x87 ./Core/Startup/startup_stm32f103vetx.o
 .debug_line    0x0000000000005638      0x98f ./Drivers/STM32F1xx_HAL_Driver/Src/stm32f1xx_hal.o
 .debug_line    0x0000000000005fc7      0xb77 ./Drivers/STM32F1xx_HAL_Driver/Src/stm32f1xx_hal_cortex.o
 .debug_line    0x0000000000006b3e      0xafb ./Drivers/STM32F1xx_HAL_Driver/Src/stm32f1xx_hal_dac.o
 .debug_line    0x0000000000007639      0xa50 ./Drivers/STM32F1xx_HAL_Driver/Src/stm32f1xx_hal_gpio.o
 .debug_line    0x0000000000008089      0xd9b ./Drivers/STM32F1xx_HAL_Driver/Src/stm32f1xx_hal_rcc.o
 .debug_line    0x0000000000008e24     0x1e1a ./Drivers/STM32F1xx_HAL_Driver/Src/stm32f1xx_hal_sd.o
 .debug_line    0x000000000000ac3e      0xd08 ./Drivers/STM32F1xx_HAL_Driver/Src/stm32f1xx_hal_sram.o
 .debug_line    0x000000000000b946     0x3655 ./Drivers/STM32F1xx_HAL_Driver/Src/stm32f1xx_hal_tim.o
 .debug_line    0x000000000000ef9b     0x193b ./Drivers/STM32F1xx_HAL_Driver/Src/stm32f1xx_hal_tim_ex.o
 .debug_line    0x00000000000108d6      0xa30 ./Drivers/STM32F1xx_HAL_Driver/Src/stm32f1xx_ll_fsmc.o
 .debug_line    0x0000000000011306      0xf5e ./Drivers/STM32F1xx_HAL_Driver/Src/stm32f1xx_ll_sdmmc.o
 .debug_line    0x0000000000012264      0x7bd ./FATFS/App/fatfs.o
 .debug_line    0x0000000000012a21      0x8a8 ./FATFS/Target/bsp_driver_sd.o
 .debug_line    0x00000000000132c9      0x803 ./Middlewares/Third_Party/FatFs/src/diskio.o
 .debug_line    0x0000000000013acc     0x3119 ./Middlewares/Third_Party/FatFs/src/ff.o
 .debug_line    0x0000000000016be5      0x820 ./Middlewares/Third_Party/FatFs/src/ff_gen_drv.o
 .debug_line    0x0000000000017405      0x9da ./Middlewares/Third_Party/FatFs/src/drivers/sd_diskio.o

.debug_str      0x0000000000000000    0xa345b
 .debug_str     0x0000000000000000    0x97c27 ./Core/Src/dac.o
                                      0x9807c (size before relaxing)
 .debug_str     0x0000000000097c27      0x2d3 ./Core/Src/fsmc.o
                                      0x981d1 (size before relaxing)
 .debug_str     0x0000000000097efa       0x68 ./Core/Src/gpio.o
                                      0x97cfc (size before relaxing)
 .debug_str     0x0000000000097f62      0x55b ./Core/Src/lcd.o
                                      0x981c9 (size before relaxing)